Archive member included to satisfy reference by file (symbol)

C:/ST/STM32CubeIDE_1.13.0/STM32CubeIDE/plugins/com.st.stm32cube.ide.mcu.externaltools.gnu-tools-for-stm32.12.3.rel1.win32_1.0.100.202403111256/tools/bin/../lib/gcc/arm-none-eabi/12.3.1/../../../../arm-none-eabi/lib/thumb/v7e-m+fp/hard\libc_nano.a(libc_a-exit.o)
                              C:/ST/STM32CubeIDE_1.13.0/STM32CubeIDE/plugins/com.st.stm32cube.ide.mcu.externaltools.gnu-tools-for-stm32.12.3.rel1.win32_1.0.100.202403111256/tools/bin/../lib/gcc/arm-none-eabi/12.3.1/../../../../arm-none-eabi/lib/thumb/v7e-m+fp/hard/crt0.o (exit)
C:/ST/STM32CubeIDE_1.13.0/STM32CubeIDE/plugins/com.st.stm32cube.ide.mcu.externaltools.gnu-tools-for-stm32.12.3.rel1.win32_1.0.100.202403111256/tools/bin/../lib/gcc/arm-none-eabi/12.3.1/../../../../arm-none-eabi/lib/thumb/v7e-m+fp/hard\libc_nano.a(libc_a-findfp.o)
                              ./Middlewares/Third_Party/FreeRTOS/Source/tasks.o (__sf)
C:/ST/STM32CubeIDE_1.13.0/STM32CubeIDE/plugins/com.st.stm32cube.ide.mcu.externaltools.gnu-tools-for-stm32.12.3.rel1.win32_1.0.100.202403111256/tools/bin/../lib/gcc/arm-none-eabi/12.3.1/../../../../arm-none-eabi/lib/thumb/v7e-m+fp/hard\libc_nano.a(libc_a-fwalk.o)
                              C:/ST/STM32CubeIDE_1.13.0/STM32CubeIDE/plugins/com.st.stm32cube.ide.mcu.externaltools.gnu-tools-for-stm32.12.3.rel1.win32_1.0.100.202403111256/tools/bin/../lib/gcc/arm-none-eabi/12.3.1/../../../../arm-none-eabi/lib/thumb/v7e-m+fp/hard\libc_nano.a(libc_a-findfp.o) (_fwalk_sglue)
C:/ST/STM32CubeIDE_1.13.0/STM32CubeIDE/plugins/com.st.stm32cube.ide.mcu.externaltools.gnu-tools-for-stm32.12.3.rel1.win32_1.0.100.202403111256/tools/bin/../lib/gcc/arm-none-eabi/12.3.1/../../../../arm-none-eabi/lib/thumb/v7e-m+fp/hard\libc_nano.a(libc_a-stdio.o)
                              C:/ST/STM32CubeIDE_1.13.0/STM32CubeIDE/plugins/com.st.stm32cube.ide.mcu.externaltools.gnu-tools-for-stm32.12.3.rel1.win32_1.0.100.202403111256/tools/bin/../lib/gcc/arm-none-eabi/12.3.1/../../../../arm-none-eabi/lib/thumb/v7e-m+fp/hard\libc_nano.a(libc_a-findfp.o) (__sread)
C:/ST/STM32CubeIDE_1.13.0/STM32CubeIDE/plugins/com.st.stm32cube.ide.mcu.externaltools.gnu-tools-for-stm32.12.3.rel1.win32_1.0.100.202403111256/tools/bin/../lib/gcc/arm-none-eabi/12.3.1/../../../../arm-none-eabi/lib/thumb/v7e-m+fp/hard\libc_nano.a(libc_a-memset.o)
                              C:/ST/STM32CubeIDE_1.13.0/STM32CubeIDE/plugins/com.st.stm32cube.ide.mcu.externaltools.gnu-tools-for-stm32.12.3.rel1.win32_1.0.100.202403111256/tools/bin/../lib/gcc/arm-none-eabi/12.3.1/../../../../arm-none-eabi/lib/thumb/v7e-m+fp/hard/crt0.o (memset)
C:/ST/STM32CubeIDE_1.13.0/STM32CubeIDE/plugins/com.st.stm32cube.ide.mcu.externaltools.gnu-tools-for-stm32.12.3.rel1.win32_1.0.100.202403111256/tools/bin/../lib/gcc/arm-none-eabi/12.3.1/../../../../arm-none-eabi/lib/thumb/v7e-m+fp/hard\libc_nano.a(libc_a-closer.o)
                              C:/ST/STM32CubeIDE_1.13.0/STM32CubeIDE/plugins/com.st.stm32cube.ide.mcu.externaltools.gnu-tools-for-stm32.12.3.rel1.win32_1.0.100.202403111256/tools/bin/../lib/gcc/arm-none-eabi/12.3.1/../../../../arm-none-eabi/lib/thumb/v7e-m+fp/hard\libc_nano.a(libc_a-stdio.o) (_close_r)
C:/ST/STM32CubeIDE_1.13.0/STM32CubeIDE/plugins/com.st.stm32cube.ide.mcu.externaltools.gnu-tools-for-stm32.12.3.rel1.win32_1.0.100.202403111256/tools/bin/../lib/gcc/arm-none-eabi/12.3.1/../../../../arm-none-eabi/lib/thumb/v7e-m+fp/hard\libc_nano.a(libc_a-reent.o)
                              ./Middlewares/Third_Party/FreeRTOS/Source/tasks.o (_reclaim_reent)
C:/ST/STM32CubeIDE_1.13.0/STM32CubeIDE/plugins/com.st.stm32cube.ide.mcu.externaltools.gnu-tools-for-stm32.12.3.rel1.win32_1.0.100.202403111256/tools/bin/../lib/gcc/arm-none-eabi/12.3.1/../../../../arm-none-eabi/lib/thumb/v7e-m+fp/hard\libc_nano.a(libc_a-impure.o)
                              ./Middlewares/Third_Party/FreeRTOS/Source/tasks.o (_impure_ptr)
C:/ST/STM32CubeIDE_1.13.0/STM32CubeIDE/plugins/com.st.stm32cube.ide.mcu.externaltools.gnu-tools-for-stm32.12.3.rel1.win32_1.0.100.202403111256/tools/bin/../lib/gcc/arm-none-eabi/12.3.1/../../../../arm-none-eabi/lib/thumb/v7e-m+fp/hard\libc_nano.a(libc_a-lseekr.o)
                              C:/ST/STM32CubeIDE_1.13.0/STM32CubeIDE/plugins/com.st.stm32cube.ide.mcu.externaltools.gnu-tools-for-stm32.12.3.rel1.win32_1.0.100.202403111256/tools/bin/../lib/gcc/arm-none-eabi/12.3.1/../../../../arm-none-eabi/lib/thumb/v7e-m+fp/hard\libc_nano.a(libc_a-stdio.o) (_lseek_r)
C:/ST/STM32CubeIDE_1.13.0/STM32CubeIDE/plugins/com.st.stm32cube.ide.mcu.externaltools.gnu-tools-for-stm32.12.3.rel1.win32_1.0.100.202403111256/tools/bin/../lib/gcc/arm-none-eabi/12.3.1/../../../../arm-none-eabi/lib/thumb/v7e-m+fp/hard\libc_nano.a(libc_a-readr.o)
[...]
Memory Configuration

Name             Origin             Length             Attributes
RAM              0x20000000         0x00010000         xrw
RAM2             0x10000000         0x00004000         xrw
FLASH            0x08000000         0x00040000         xr
*default*        0x00000000         0xffffffff

Linker script and memory map

LOAD C:/ST/STM32CubeIDE_1.13.0/STM32CubeIDE/plugins/com.st.stm32cube.ide.mcu.externaltools.gnu-tools-for-stm32.12.3.rel1.win32_1.0.100.202403111256/tools/bin/../lib/gcc/arm-none-eabi/12.3.1/thumb/v7e-m+fp/hard/crti.o
LOAD C:/ST/STM32CubeIDE_1.13.0/STM32CubeIDE/plugins/com.st.stm32cube.ide.mcu.externaltools.gnu-tools-for-stm32.12.3.rel1.win32_1.0.100.202403111256/tools/bin/../lib/gcc/arm-none-eabi/12.3.1/thumb/v7e-m+fp/hard/crtbegin.o
LOAD C:/ST/STM32CubeIDE_1.13.0/STM32CubeIDE/plugins/com.st.stm32cube.ide.mcu.externaltools.gnu-tools-for-stm32.12.3.rel1.win32_1.0.100.202403111256/tools/bin/../lib/gcc/arm-none-eabi/12.3.1/../../../../arm-none-eabi/lib/thumb/v7e-m+fp/hard/crt0.o
LOAD ./Core/Src/ADC.o
LOAD ./Core/Src/ASCII.o
LOAD ./Core/Src/CLI.o
LOAD ./Core/Src/DAC.o
LOAD ./Core/Src/freertos.o
LOAD ./Core/Src/main.o
LOAD ./Core/Src/stm32l4xx_hal_msp.o
LOAD ./Core/Src/stm32l4xx_hal_timebase_tim.o
LOAD ./Core/Src/stm32l4xx_it.o
LOAD ./Core/Src/syscalls.o
LOAD ./Core/Src/sysmem.o
LOAD ./Core/Src/system_stm32l4xx.o
LOAD ./Core/Startup/startup_stm32l432kcux.o
LOAD ./Drivers/STM32L4xx_HAL_Driver/Src/stm32l4xx_hal.o
LOAD ./Drivers/STM32L4xx_HAL_Driver/Src/stm32l4xx_hal_adc.o
LOAD ./Drivers/STM32L4xx_HAL_Driver/Src/stm32l4xx_hal_adc_ex.o
LOAD ./Drivers/STM32L4xx_HAL_Driver/Src/stm32l4xx_hal_cortex.o
LOAD ./Drivers/STM32L4xx_HAL_Driver/Src/stm32l4xx_hal_dma.o
LOAD ./Drivers/STM32L4xx_HAL_Driver/Src/stm32l4xx_hal_dma_ex.o
LOAD ./Drivers/STM32L4xx_HAL_Driver/Src/stm32l4xx_hal_exti.o
LOAD ./Drivers/STM32L4xx_HAL_Driver/Src/stm32l4xx_hal_flash.o
LOAD ./Drivers/STM32L4xx_HAL_Driver/Src/stm32l4xx_hal_flash_ex.o
LOAD ./Drivers/STM32L4xx_HAL_Driver/Src/stm32l4xx_hal_flash_ramfunc.o
LOAD ./Drivers/STM32L4xx_HAL_Driver/Src/stm32l4xx_hal_gpio.o
LOAD ./Drivers/STM32L4xx_HAL_Driver/Src/stm32l4xx_hal_i2c.o
LOAD ./Drivers/STM32L4xx_HAL_Driver/Src/stm32l4xx_hal_i2c_ex.o
LOAD ./Drivers/STM32L4xx_HAL_Driver/Src/stm32l4xx_hal_pwr.o
LOAD ./Drivers/STM32L4xx_HAL_Driver/Src/stm32l4xx_hal_pwr_ex.o
LOAD ./Drivers/STM32L4xx_HAL_Driver/Src/stm32l4xx_hal_rcc.o
LOAD ./Drivers/STM32L4xx_HAL_Driver/Src/stm32l4xx_hal_rcc_ex.o
LOAD ./Drivers/STM32L4xx_HAL_Driver/Src/stm32l4xx_hal_spi.o
LOAD ./Drivers/STM32L4xx_HAL_Driver/Src/stm32l4xx_hal_spi_ex.o
LOAD ./Drivers/STM32L4xx_HAL_Driver/Src/stm32l4xx_hal_tim.o
LOAD ./Drivers/STM32L4xx_HAL_Driver/Src/stm32l4xx_hal_tim_ex.o
LOAD ./Drivers/STM32L4xx_HAL_Driver/Src/stm32l4xx_hal_uart.o
LOAD ./Drivers/STM32L4xx_HAL_Driver/Src/stm32l4xx_hal_uart_ex.o
LOAD ./Middlewares/Third_Party/FreeRTOS/Source/CMSIS_RTOS_V2/cmsis_os2.o
LOAD ./Middlewares/Third_Party/FreeRTOS/Source/croutine.o
LOAD ./Middlewares/Third_Party/FreeRTOS/Source/event_groups.o
LOAD ./Middlewares/Third_Party/FreeRTOS/Source/list.o
LOAD ./Middlewares/Third_Party/FreeRTOS/Source/queue.o
LOAD ./Middlewares/Third_Party/FreeRTOS/Source/stream_buffer.o
LOAD ./Middlewares/Third_Party/FreeRTOS/Source/tasks.o
LOAD ./Middlewares/Third_Party/FreeRTOS/Source/timers.o
LOAD ./Middlewares/Third_Party/FreeRTOS/Source/portable/GCC/ARM_CM4F/port.o
LOAD ./Middlewares/Third_Party/FreeRTOS/Source/portable/MemMang/heap_4.o
START GROUP
LOAD C:/ST/STM32CubeIDE_1.13.0/STM32CubeIDE/plugins/com.st.stm32cube.ide.mcu.externaltools.gnu-tools-for-stm32.12.3.rel1.win32_1.0.100.202403111256/tools/bin/../lib/gcc/arm-none-eabi/12.3.1/../../../../arm-none-eabi/lib/thumb/v7e-m+fp/hard\libc_nano.a
LOAD C:/ST/STM32CubeIDE_1.13.0/STM32CubeIDE/plugins/com.st.stm32cube.ide.mcu.externaltools.gnu-tools-for-stm32.12.3.rel1.win32_1.0.100.202403111256/tools/bin/../lib/gcc/arm-none-eabi/12.3.1/../../../../arm-none-eabi/lib/thumb/v7e-m+fp/hard\libm.a
END GROUP
START GROUP
LOAD C:/ST/STM32CubeIDE_1.13.0/STM32CubeIDE/plugins/com.st.stm32cube.ide.mcu.externaltools.gnu-tools-for-stm32.12.3.rel1.win32_1.0.100.202403111256/tools/bin/../lib/gcc/arm-none-eabi/12.3.1/thumb/v7e-m+fp/hard\libgcc.a
LOAD C:/ST/STM32CubeIDE_1.13.0/STM32CubeIDE/plugins/com.st.stm32cube.ide.mcu.externaltools.gnu-tools-for-stm32.12.3.rel1.win32_1.0.100.202403111256/tools/bin/../lib/gcc/arm-none-eabi/12.3.1/../../../../arm-none-eabi/lib/thumb/v7e-m+fp/hard\libc_nano.a
END GROUP
START GROUP
LOAD C:/ST/STM32CubeIDE_1.13.0/STM32CubeIDE/plugins/com.st.stm32cube.ide.mcu.externaltools.gnu-tools-for-stm32.12.3.rel1.win32_1.0.100.202403111256/tools/bin/../lib/gcc/arm-none-eabi/12.3.1/thumb/v7e-m+fp/hard\libgcc.a
LOAD C:/ST/STM32CubeIDE_1.13.0/STM32CubeIDE/plugins/com.st.stm32cube.ide.mcu.externaltools.gnu-tools-for-stm32.12.3.rel1.win32_1.0.100.202403111256/tools/bin/../lib/gcc/arm-none-eabi/12.3.1/../../../../arm-none-eabi/lib/thumb/v7e-m+fp/hard\libc_nano.a
LOAD C:/ST/STM32CubeIDE_1.13.0/STM32CubeIDE/plugins/com.st.stm32cube.ide.mcu.externaltools.gnu-tools-for-stm32.12.3.rel1.win32_1.0.100.202403111256/tools/bin/../lib/gcc/arm-none-eabi/12.3.1/../../../../arm-none-eabi/lib/thumb/v7e-m+fp/hard\libnosys.a
END GROUP
START GROUP
LOAD C:/ST/STM32CubeIDE_1.13.0/STM32CubeIDE/plugins/com.st.stm32cube.ide.mcu.externaltools.gnu-tools-for-stm32.12.3.rel1.win32_1.0.100.202403111256/tools/bin/../lib/gcc/arm-none-eabi/12.3.1/thumb/v7e-m+fp/hard\libgcc.a
LOAD C:/ST/STM32CubeIDE_1.13.0/STM32CubeIDE/plugins/com.st.stm32cube.ide.mcu.externaltools.gnu-tools-for-stm32.12.3.rel1.win32_1.0.100.202403111256/tools/bin/../lib/gcc/arm-none-eabi/12.3.1/../../../../arm-none-eabi/lib/thumb/v7e-m+fp/hard\libc_nano.a
LOAD C:/ST/STM32CubeIDE_1.13.0/STM32CubeIDE/plugins/com.st.stm32cube.ide.mcu.externaltools.gnu-tools-for-stm32.12.3.rel1.win32_1.0.100.202403111256/tools/bin/../lib/gcc/arm-none-eabi/12.3.1/../../../../arm-none-eabi/lib/thumb/v7e-m+fp/hard\libnosys.a
END GROUP
LOAD C:/ST/STM32CubeIDE_1.13.0/STM32CubeIDE/plugins/com.st.stm32cube.ide.mcu.externaltools.gnu-tools-for-stm32.12.3.rel1.win32_1.0.100.202403111256/tools/bin/../lib/gcc/arm-none-eabi/12.3.1/thumb/v7e-m+fp/hard/crtend.o
LOAD C:/ST/STM32CubeIDE_1.13.0/STM32CubeIDE/plugins/com.st.stm32cube.ide.mcu.externaltools.gnu-tools-for-stm32.12.3.rel1.win32_1.0.100.202403111256/tools/bin/../lib/gcc/arm-none-eabi/12.3.1/thumb/v7e-m+fp/hard/crtn.o
                0x20010000                        _estack = (ORIGIN (RAM) + LENGTH (RAM))
                0x00000200                        _Min_Heap_Size = 0x200
                0x00000400                        _Min_Stack_Size = 0x400

.isr_vector     0x08000000      0x18c
                0x08000000                        . = ALIGN (0x4)
 *(.isr_vector)
 .isr_vector    0x08000000      0x18c ./Core/Startup/startup_stm32l432kcux.o
                0x08000000                g_pfnVectors
                0x0800018c                        . = ALIGN (0x4)

.text           0x08000190     0xf8dc
                0x08000190                        . = ALIGN (0x4)
 *(.text)
 .text          0x08000190       0x40 C:/ST/STM32CubeIDE_1.13.0/STM32CubeIDE/plugins/com.st.stm32cube.ide.mcu.externaltools.gnu-tools-for-stm32.12.3.rel1.win32_1.0.100.202403111256/tools/bin/../lib/gcc/arm-none-eabi/12.3.1/thumb/v7e-m+fp/hard/crtbegin.o
 .text          0x080001d0      0x378 C:/ST/STM32CubeIDE_1.13.0/STM32CubeIDE/plugins/com.st.stm32cube.ide.mcu.externaltools.gnu-tools-for-stm32.12.3.rel1.win32_1.0.100.202403111256/tools/bin/../lib/gcc/arm-none-eabi/12.3.1/thumb/v7e-m+fp/hard\libgcc.a(_arm_addsubdf3.o)
                0x080001d0                __aeabi_drsub
                0x080001d8                __aeabi_dsub
                0x080001d8                __subdf3
                0x080001dc                __aeabi_dadd
                0x080001dc                __adddf3
                0x08000454                __floatunsidf
                0x08000454                __aeabi_ui2d
                0x08000474                __floatsidf
                0x08000474                __aeabi_i2d
                0x08000498                __aeabi_f2d
                0x08000498                __extendsfdf2
                0x080004dc                __floatundidf
                0x080004dc                __aeabi_ul2d
                0x080004ec                __floatdidf
                0x080004ec                __aeabi_l2d
 .text          0x08000548      0x424 C:/ST/STM32CubeIDE_1.13.0/STM32CubeIDE/plugins/com.st.stm32cube.ide.mcu.externaltools.gnu-tools-for-stm32.12.3.rel1.win32_1.0.100.202403111256/tools/bin/../lib/gcc/arm-none-eabi/12.3.1/thumb/v7e-m+fp/hard\libgcc.a(_arm_muldivdf3.o)
                0x08000548                __aeabi_dmul
                0x08000548                __muldf3
                0x0800079c                __divdf3
                0x0800079c                __aeabi_ddiv
 .text          0x0800096c      0x110 C:/ST/STM32CubeIDE_1.13.0/STM32CubeIDE/plugins/com.st.stm32cube.ide.mcu.externaltools.gnu-tools-for-stm32.12.3.rel1.win32_1.0.100.202403111256/tools/bin/../lib/gcc/arm-none-eabi/12.3.1/thumb/v7e-m+fp/hard\libgcc.a(_arm_cmpdf2.o)
                0x0800096c                __gtdf2
                0x0800096c                __gedf2
                0x08000974                __ltdf2
                0x08000974                __ledf2
                0x0800097c                __nedf2
                0x0800097c                __eqdf2
                0x0800097c                __cmpdf2
                0x080009f8                __aeabi_cdrcmple
                0x08000a08                __aeabi_cdcmpeq
                0x08000a08                __aeabi_cdcmple
                0x08000a18                __aeabi_dcmpeq
                0x08000a2c                __aeabi_dcmplt
                0x08000a40                __aeabi_dcmple
                0x08000a54                __aeabi_dcmpge
                0x08000a68                __aeabi_dcmpgt
 .text          0x08000a7c       0x2c C:/ST/STM32CubeIDE_1.13.0/STM32CubeIDE/plugins/com.st.stm32cube.ide.mcu.externaltools.gnu-tools-for-stm32.12.3.rel1.win32_1.0.100.202403111256/tools/bin/../lib/gcc/arm-none-eabi/12.3.1/thumb/v7e-m+fp/hard\libgcc.a(_arm_unorddf2.o)
                0x08000a7c                __unorddf2
                0x08000a7c                __aeabi_dcmpun
 .text          0x08000aa8       0x40 C:/ST/STM32CubeIDE_1.13.0/STM32CubeIDE/plugins/com.st.stm32cube.ide.mcu.externaltools.gnu-tools-for-stm32.12.3.rel1.win32_1.0.100.202403111256/tools/bin/../lib/gcc/arm-none-eabi/12.3.1/thumb/v7e-m+fp/hard\libgcc.a(_arm_fixunsdfsi.o)
                0x08000aa8                __aeabi_d2uiz
                0x08000aa8                __fixunsdfsi
 .text          0x08000ae8       0xa0 C:/ST/STM32CubeIDE_1.13.0/STM32CubeIDE/plugins/com.st.stm32cube.ide.mcu.externaltools.gnu-tools-for-stm32.12.3.rel1.win32_1.0.100.202403111256/tools/bin/../lib/gcc/arm-none-eabi/12.3.1/thumb/v7e-m+fp/hard\libgcc.a(_arm_truncdfsf2.o)
                0x08000ae8                __truncdfsf2
                0x08000ae8                __aeabi_d2f
 .text          0x08000b88       0x30 C:/ST/STM32CubeIDE_1.13.0/STM32CubeIDE/plugins/com.st.stm32cube.ide.mcu.externaltools.gnu-tools-for-stm32.12.3.rel1.win32_1.0.100.202403111256/tools/bin/../lib/gcc/arm-none-eabi/12.3.1/thumb/v7e-m+fp/hard\libgcc.a(_aeabi_uldivmod.o)
                0x08000b88                __aeabi_uldivmod
 .text          0x08000bb8      0x2bc C:/ST/STM32CubeIDE_1.13.0/STM32CubeIDE/plugins/com.st.stm32cube.ide.mcu.externaltools.gnu-tools-for-stm32.12.3.rel1.win32_1.0.100.202403111256/tools/bin/../lib/gcc/arm-none-eabi/12.3.1/thumb/v7e-m+fp/hard\libgcc.a(_udivmoddi4.o)
                0x08000bb8                __udivmoddi4
 .text          0x08000e74        0x4 C:/ST/STM32CubeIDE_1.13.0/STM32CubeIDE/plugins/com.st.stm32cube.ide.mcu.externaltools.gnu-tools-for-stm32.12.3.rel1.win32_1.0.100.202403111256/tools/bin/../lib/gcc/arm-none-eabi/12.3.1/thumb/v7e-m+fp/hard\libgcc.a(_dvmd_tls.o)
                0x08000e74                __aeabi_idiv0
                0x08000e74                __aeabi_ldiv0
 *(.text*)
 .text.write_ADC
                0x08000e78       0x50 ./Core/Src/ADC.o
                0x08000e78                write_ADC
 .text.read_ADC
                0x08000ec8       0x70 ./Core/Src/ADC.o
                0x08000ec8                read_ADC
 .text.check_ADC
                0x08000f38       0x1a ./Core/Src/ADC.o
                0x08000f38                check_ADC
 .text.ADC_change_polarity
                0x08000f52       0x28 ./Core/Src/ADC.o
                0x08000f52                ADC_change_polarity
 *fill*         0x08000f7a        0x2 
 .text.ADC_mult
                0x08000f7c      0x214 ./Core/Src/ADC.o
                0x08000f7c                ADC_mult
 .text.float_to_ASCII
                0x08001190      0x318 ./Core/Src/ASCII.o
                0x08001190                float_to_ASCII
 .text.ASCII_to_float
                0x080014a8      0x158 ./Core/Src/ASCII.o
                0x080014a8                ASCII_to_float
 .text.show_parameter
                0x08001600       0x90 ./Core/Src/CLI.o
                0x08001600                show_parameter
 .text.change_voltammetry_parameter
                0x08001690       0xf0 ./Core/Src/CLI.o
                0x08001690                change_voltammetry_parameter
 .text.change_voltammetry_technique
                0x08001780       0xe4 ./Core/Src/CLI.o
                0x08001780                change_voltammetry_technique
 .text.voltammerty_write_SIM_parameter
                0x08001864      0x3b4 ./Core/Src/CLI.o
                0x08001864                voltammerty_write_SIM_parameter
 .text.voltammerty_write_parameter
                0x08001c18      0x340 ./Core/Src/CLI.o
                0x08001c18                voltammerty_write_parameter
 .text.voltammerty_simultaneously
                0x08001f58      0x110 ./Core/Src/CLI.o
                0x08001f58                voltammerty_simultaneously
 .text.voltammerty_individually
                0x08002068       0x90 ./Core/Src/CLI.o
                0x08002068                voltammerty_individually
 .text.start    0x080020f8      0x124 ./Core/Src/CLI.o
                0x080020f8                start
 .text.change_voltammetry
                0x0800221c       0xf8 ./Core/Src/CLI.o
                0x0800221c                change_voltammetry
 .text.show_voltammetry
                0x08002314      0x4fc ./Core/Src/CLI.o
                0x08002314                show_voltammetry
 .text.show_potentiostat
                0x08002810      0x100 ./Core/Src/CLI.o
                0x08002810                show_potentiostat
 .text.change_potentiostat
                0x08002910      0x1d4 ./Core/Src/CLI.o
                0x08002910                change_potentiostat
 .text.UART_menu
                0x08002ae4       0xec ./Core/Src/CLI.o
                0x08002ae4                UART_menu
 .text.write_DAC
                0x08002bd0       0x98 ./Core/Src/DAC.o
                0x08002bd0                write_DAC
 .text.main     0x08002c68      0x250 ./Core/Src/main.o
                0x08002c68                main
 .text.SystemClock_Config
                0x08002eb8       0xc4 ./Core/Src/main.o
                0x08002eb8                SystemClock_Config
 .text.MX_ADC1_Init
                0x08002f7c       0xc8 ./Core/Src/main.o
 .text.MX_I2C1_Init
                0x08003044       0x80 ./Core/Src/main.o
 .text.MX_SPI1_Init
                0x080030c4       0x7c ./Core/Src/main.o
 .text.MX_USART2_UART_Init
                0x08003140       0x60 ./Core/Src/main.o
 .text.MX_DMA_Init
                0x080031a0       0x4c ./Core/Src/main.o
 .text.MX_GPIO_Init
                0x080031ec       0xf4 ./Core/Src/main.o
 .text.ADC_get_send
                0x080032e0      0x268 ./Core/Src/main.o
                0x080032e0                ADC_get_send
 .text.DAC_set  0x08003548      0x104 ./Core/Src/main.o
                0x08003548                DAC_set
 .text.voltammerty
                0x0800364c      0xa38 ./Core/Src/main.o
                0x0800364c                voltammerty
 .text.SPI1_change_polarity
                0x08004084       0x24 ./Core/Src/main.o
                0x08004084                SPI1_change_polarity
 .text.clear_UART_rx_buff
                0x080040a8       0x30 ./Core/Src/main.o
                0x080040a8                clear_UART_rx_buff
 .text.HAL_UART_TxCpltCallback
                0x080040d8       0x20 ./Core/Src/main.o
                0x080040d8                HAL_UART_TxCpltCallback
 .text.HAL_UART_RxCpltCallback
                0x080040f8       0x64 ./Core/Src/main.o
                0x080040f8                HAL_UART_RxCpltCallback
 .text.StartCLI
                0x0800415c      0x154 ./Core/Src/main.o
                0x0800415c                StartCLI
 .text.StartTemp
                0x080042b0       0xf8 ./Core/Src/main.o
                0x080042b0                StartTemp
 .text.StartV1  0x080043a8       0x54 ./Core/Src/main.o
                0x080043a8                StartV1
 .text.StartV2  0x080043fc       0x54 ./Core/Src/main.o
                0x080043fc                StartV2
 .text.StarV3   0x08004450       0x54 ./Core/Src/main.o
                0x08004450                StarV3
 .text.StartV4  0x080044a4       0x54 ./Core/Src/main.o
                0x080044a4                StartV4
 .text.StartP1  0x080044f8      0x11c ./Core/Src/main.o
                0x080044f8                StartP1
 .text.StartVSIM
                0x08004614      0x104 ./Core/Src/main.o
                0x08004614                StartVSIM
 .text.StartPrint
                0x08004718      0x3c0 ./Core/Src/main.o
                0x08004718                StartPrint
 .text.HAL_TIM_PeriodElapsedCallback
                0x08004ad8       0x24 ./Core/Src/main.o
                0x08004ad8                HAL_TIM_PeriodElapsedCallback
 .text.Error_Handler
                0x08004afc        0xc ./Core/Src/main.o
                0x08004afc                Error_Handler
 .text.HAL_MspInit
                0x08004b08       0x50 ./Core/Src/stm32l4xx_hal_msp.o
                0x08004b08                HAL_MspInit
 .text.HAL_ADC_MspInit
                0x08004b58       0xc8 ./Core/Src/stm32l4xx_hal_msp.o
                0x08004b58                HAL_ADC_MspInit
 .text.HAL_I2C_MspInit
                0x08004c20       0xb0 ./Core/Src/stm32l4xx_hal_msp.o
                0x08004c20                HAL_I2C_MspInit
 .text.HAL_SPI_MspInit
                0x08004cd0       0x84 ./Core/Src/stm32l4xx_hal_msp.o
                0x08004cd0                HAL_SPI_MspInit
 .text.HAL_UART_MspInit
                0x08004d54      0x198 ./Core/Src/stm32l4xx_hal_msp.o
                0x08004d54                HAL_UART_MspInit
 .text.HAL_InitTick
                0x08004eec       0xdc ./Core/Src/stm32l4xx_hal_timebase_tim.o
                0x08004eec                HAL_InitTick
 .text.NMI_Handler
                0x08004fc8        0x8 ./Core/Src/stm32l4xx_it.o
                0x08004fc8                NMI_Handler
 .text.HardFault_Handler
                0x08004fd0        0x8 ./Core/Src/stm32l4xx_it.o
                0x08004fd0                HardFault_Handler
 .text.MemManage_Handler
                0x08004fd8        0x8 ./Core/Src/stm32l4xx_it.o
                0x08004fd8                MemManage_Handler
 .text.BusFault_Handler
                0x08004fe0        0x8 ./Core/Src/stm32l4xx_it.o
                0x08004fe0                BusFault_Handler
 .text.UsageFault_Handler
                0x08004fe8        0x8 ./Core/Src/stm32l4xx_it.o
                0x08004fe8                UsageFault_Handler
 .text.DebugMon_Handler
                0x08004ff0        0xe ./Core/Src/stm32l4xx_it.o
                0x08004ff0                DebugMon_Handler
 *fill*         0x08004ffe        0x2 
 .text.DMA1_Channel6_IRQHandler
                0x08005000       0x14 ./Core/Src/stm32l4xx_it.o
                0x08005000                DMA1_Channel6_IRQHandler
 .text.DMA1_Channel7_IRQHandler
                0x08005014       0x14 ./Core/Src/stm32l4xx_it.o
                0x08005014                DMA1_Channel7_IRQHandler
 .text.TIM1_UP_TIM16_IRQHandler
                0x08005028       0x14 ./Core/Src/stm32l4xx_it.o
                0x08005028                TIM1_UP_TIM16_IRQHandler
 .text.USART2_IRQHandler
                0x0800503c       0x14 ./Core/Src/stm32l4xx_it.o
                0x0800503c                USART2_IRQHandler
 .text.SystemInit
                0x08005050       0x24 ./Core/Src/system_stm32l4xx.o
                0x08005050                SystemInit
 .text.Reset_Handler
                0x08005074       0x50 ./Core/Startup/startup_stm32l432kcux.o
                0x08005074                Reset_Handler
 .text.Default_Handler
                0x080050c4        0x2 ./Core/Startup/startup_stm32l432kcux.o
                0x080050c4                RTC_Alarm_IRQHandler
                0x080050c4                EXTI2_IRQHandler
                0x080050c4                TIM1_CC_IRQHandler
                0x080050c4                TSC_IRQHandler
                0x080050c4                TAMP_STAMP_IRQHandler
                0x080050c4                EXTI3_IRQHandler
                0x080050c4                LPTIM2_IRQHandler
                0x080050c4                I2C3_ER_IRQHandler
                0x080050c4                EXTI0_IRQHandler
                0x080050c4                CAN1_RX0_IRQHandler
                0x080050c4                FPU_IRQHandler
                0x080050c4                SPI1_IRQHandler
                0x080050c4                TIM6_DAC_IRQHandler
                0x080050c4                DMA2_Channel2_IRQHandler
                0x080050c4                DMA1_Channel4_IRQHandler
                0x080050c4                ADC1_IRQHandler
                0x080050c4                CAN1_RX1_IRQHandler
                0x080050c4                DMA2_Channel1_IRQHandler
                0x080050c4                QUADSPI_IRQHandler
                0x080050c4                I2C1_EV_IRQHandler
                0x080050c4                DMA2_Channel4_IRQHandler
                0x080050c4                RCC_IRQHandler
                0x080050c4                TIM1_TRG_COM_IRQHandler
                0x080050c4                DMA1_Channel1_IRQHandler
                0x080050c4                Default_Handler
                0x080050c4                DMA2_Channel7_IRQHandler
                0x080050c4                EXTI15_10_IRQHandler
                0x080050c4                TIM7_IRQHandler
                0x080050c4                I2C3_EV_IRQHandler
                0x080050c4                USB_IRQHandler
                0x080050c4                EXTI9_5_IRQHandler
                0x080050c4                RTC_WKUP_IRQHandler
                0x080050c4                PVD_PVM_IRQHandler
                0x080050c4                CAN1_TX_IRQHandler
                0x080050c4                DMA2_Channel5_IRQHandler
                0x080050c4                CRS_IRQHandler
                0x080050c4                DMA1_Channel5_IRQHandler
                0x080050c4                EXTI4_IRQHandler
                0x080050c4                RNG_IRQHandler
                0x080050c4                DMA1_Channel3_IRQHandler
                0x080050c4                COMP_IRQHandler
                0x080050c4                WWDG_IRQHandler
                0x080050c4                LPUART1_IRQHandler
                0x080050c4                DMA2_Channel6_IRQHandler
                0x080050c4                TIM2_IRQHandler
                0x080050c4                EXTI1_IRQHandler
                0x080050c4                DMA1_Channel2_IRQHandler
                0x080050c4                CAN1_SCE_IRQHandler
                0x080050c4                FLASH_IRQHandler
                0x080050c4                USART1_IRQHandler
                0x080050c4                SPI3_IRQHandler
                0x080050c4                I2C1_ER_IRQHandler
                0x080050c4                SWPMI1_IRQHandler
                0x080050c4                LPTIM1_IRQHandler
                0x080050c4                SAI1_IRQHandler
                0x080050c4                DMA2_Channel3_IRQHandler
                0x080050c4                TIM1_BRK_TIM15_IRQHandler
 .text.HAL_Init
                0x080050c6       0x30 ./Drivers/STM32L4xx_HAL_Driver/Src/stm32l4xx_hal.o
                0x080050c6                HAL_Init
 *fill*         0x080050f6        0x2 
 .text.HAL_IncTick
                0x080050f8       0x28 ./Drivers/STM32L4xx_HAL_Driver/Src/stm32l4xx_hal.o
                0x080050f8                HAL_IncTick
 .text.HAL_GetTick
                0x08005120       0x18 ./Drivers/STM32L4xx_HAL_Driver/Src/stm32l4xx_hal.o
                0x08005120                HAL_GetTick
 .text.LL_ADC_SetCommonClock
                0x08005138       0x26 ./Drivers/STM32L4xx_HAL_Driver/Src/stm32l4xx_hal_adc.o
 .text.LL_ADC_SetCommonPathInternalCh
                0x0800515e       0x26 ./Drivers/STM32L4xx_HAL_Driver/Src/stm32l4xx_hal_adc.o
 .text.LL_ADC_GetCommonPathInternalCh
                0x08005184       0x1c ./Drivers/STM32L4xx_HAL_Driver/Src/stm32l4xx_hal_adc.o
 .text.LL_ADC_SetOffset
                0x080051a0       0x48 ./Drivers/STM32L4xx_HAL_Driver/Src/stm32l4xx_hal_adc.o
 .text.LL_ADC_GetOffsetChannel
                0x080051e8       0x2c ./Drivers/STM32L4xx_HAL_Driver/Src/stm32l4xx_hal_adc.o
 .text.LL_ADC_SetOffsetState
                0x08005214       0x36 ./Drivers/STM32L4xx_HAL_Driver/Src/stm32l4xx_hal_adc.o
 .text.LL_ADC_REG_IsTriggerSourceSWStart
                0x0800524a       0x26 ./Drivers/STM32L4xx_HAL_Driver/Src/stm32l4xx_hal_adc.o
 .text.LL_ADC_REG_SetSequencerRanks
                0x08005270       0x58 ./Drivers/STM32L4xx_HAL_Driver/Src/stm32l4xx_hal_adc.o
 .text.LL_ADC_SetChannelSamplingTime
                0x080052c8       0x56 ./Drivers/STM32L4xx_HAL_Driver/Src/stm32l4xx_hal_adc.o
 *fill*         0x0800531e        0x2 
 .text.LL_ADC_SetChannelSingleDiff
                0x08005320       0x48 ./Drivers/STM32L4xx_HAL_Driver/Src/stm32l4xx_hal_adc.o
 .text.LL_ADC_DisableDeepPowerDown
                0x08005368       0x24 ./Drivers/STM32L4xx_HAL_Driver/Src/stm32l4xx_hal_adc.o
 .text.LL_ADC_IsDeepPowerDownEnabled
                0x0800538c       0x28 ./Drivers/STM32L4xx_HAL_Driver/Src/stm32l4xx_hal_adc.o
 .text.LL_ADC_EnableInternalRegulator
                0x080053b4       0x28 ./Drivers/STM32L4xx_HAL_Driver/Src/stm32l4xx_hal_adc.o
 .text.LL_ADC_IsInternalRegulatorEnabled
                0x080053dc       0x28 ./Drivers/STM32L4xx_HAL_Driver/Src/stm32l4xx_hal_adc.o
 .text.LL_ADC_Enable
                0x08005404       0x28 ./Drivers/STM32L4xx_HAL_Driver/Src/stm32l4xx_hal_adc.o
 .text.LL_ADC_Disable
                0x0800542c       0x28 ./Drivers/STM32L4xx_HAL_Driver/Src/stm32l4xx_hal_adc.o
 .text.LL_ADC_IsEnabled
                0x08005454       0x26 ./Drivers/STM32L4xx_HAL_Driver/Src/stm32l4xx_hal_adc.o
 .text.LL_ADC_IsDisableOngoing
                0x0800547a       0x26 ./Drivers/STM32L4xx_HAL_Driver/Src/stm32l4xx_hal_adc.o
 .text.LL_ADC_REG_StartConversion
                0x080054a0       0x28 ./Drivers/STM32L4xx_HAL_Driver/Src/stm32l4xx_hal_adc.o
 .text.LL_ADC_REG_StopConversion
                0x080054c8       0x28 ./Drivers/STM32L4xx_HAL_Driver/Src/stm32l4xx_hal_adc.o
 .text.LL_ADC_REG_IsConversionOngoing
                0x080054f0       0x26 ./Drivers/STM32L4xx_HAL_Driver/Src/stm32l4xx_hal_adc.o
 .text.LL_ADC_INJ_StopConversion
                0x08005516       0x28 ./Drivers/STM32L4xx_HAL_Driver/Src/stm32l4xx_hal_adc.o
 .text.LL_ADC_INJ_IsConversionOngoing
                0x0800553e       0x26 ./Drivers/STM32L4xx_HAL_Driver/Src/stm32l4xx_hal_adc.o
 .text.HAL_ADC_Init
                0x08005564      0x284 ./Drivers/STM32L4xx_HAL_Driver/Src/stm32l4xx_hal_adc.o
                0x08005564                HAL_ADC_Init
 .text.HAL_ADC_Start
                0x080057e8       0xc6 ./Drivers/STM32L4xx_HAL_Driver/Src/stm32l4xx_hal_adc.o
                0x080057e8                HAL_ADC_Start
 .text.HAL_ADC_Stop
                0x080058ae       0x66 ./Drivers/STM32L4xx_HAL_Driver/Src/stm32l4xx_hal_adc.o
                0x080058ae                HAL_ADC_Stop
 .text.HAL_ADC_PollForConversion
                0x08005914      0x11e ./Drivers/STM32L4xx_HAL_Driver/Src/stm32l4xx_hal_adc.o
                0x08005914                HAL_ADC_PollForConversion
 .text.HAL_ADC_GetValue
                0x08005a32       0x1a ./Drivers/STM32L4xx_HAL_Driver/Src/stm32l4xx_hal_adc.o
                0x08005a32                HAL_ADC_GetValue
 .text.HAL_ADC_ConfigChannel
                0x08005a4c      0x7c4 ./Drivers/STM32L4xx_HAL_Driver/Src/stm32l4xx_hal_adc.o
                0x08005a4c                HAL_ADC_ConfigChannel
 .text.ADC_ConversionStop
                0x08006210      0x178 ./Drivers/STM32L4xx_HAL_Driver/Src/stm32l4xx_hal_adc.o
                0x08006210                ADC_ConversionStop
 .text.ADC_Enable
                0x08006388      0x10c ./Drivers/STM32L4xx_HAL_Driver/Src/stm32l4xx_hal_adc.o
                0x08006388                ADC_Enable
 .text.ADC_Disable
                0x08006494       0xbe ./Drivers/STM32L4xx_HAL_Driver/Src/stm32l4xx_hal_adc.o
                0x08006494                ADC_Disable
 *fill*         0x08006552        0x2 
 .text.__NVIC_SetPriorityGrouping
                0x08006554       0x48 ./Drivers/STM32L4xx_HAL_Driver/Src/stm32l4xx_hal_cortex.o
 .text.__NVIC_GetPriorityGrouping
                0x0800659c       0x1c ./Drivers/STM32L4xx_HAL_Driver/Src/stm32l4xx_hal_cortex.o
 .text.__NVIC_EnableIRQ
                0x080065b8       0x3c ./Drivers/STM32L4xx_HAL_Driver/Src/stm32l4xx_hal_cortex.o
 .text.__NVIC_SetPriority
                0x080065f4       0x54 ./Drivers/STM32L4xx_HAL_Driver/Src/stm32l4xx_hal_cortex.o
 .text.NVIC_EncodePriority
                0x08006648       0x66 ./Drivers/STM32L4xx_HAL_Driver/Src/stm32l4xx_hal_cortex.o
 .text.HAL_NVIC_SetPriorityGrouping
                0x080066ae       0x16 ./Drivers/STM32L4xx_HAL_Driver/Src/stm32l4xx_hal_cortex.o
                0x080066ae                HAL_NVIC_SetPriorityGrouping
 .text.HAL_NVIC_SetPriority
                0x080066c4       0x38 ./Drivers/STM32L4xx_HAL_Driver/Src/stm32l4xx_hal_cortex.o
                0x080066c4                HAL_NVIC_SetPriority
 .text.HAL_NVIC_EnableIRQ
                0x080066fc       0x1c ./Drivers/STM32L4xx_HAL_Driver/Src/stm32l4xx_hal_cortex.o
                0x080066fc                HAL_NVIC_EnableIRQ
 .text.HAL_DMA_Init
                0x08006718      0x170 ./Drivers/STM32L4xx_HAL_Driver/Src/stm32l4xx_hal_dma.o
                0x08006718                HAL_DMA_Init
 .text.HAL_DMA_Start_IT
                0x08006888       0xc0 ./Drivers/STM32L4xx_HAL_Driver/Src/stm32l4xx_hal_dma.o
                0x08006888                HAL_DMA_Start_IT
 .text.HAL_DMA_Abort
                0x08006948       0x7c ./Drivers/STM32L4xx_HAL_Driver/Src/stm32l4xx_hal_dma.o
                0x08006948                HAL_DMA_Abort
 .text.HAL_DMA_Abort_IT
                0x080069c4       0x82 ./Drivers/STM32L4xx_HAL_Driver/Src/stm32l4xx_hal_dma.o
                0x080069c4                HAL_DMA_Abort_IT
 .text.HAL_DMA_IRQHandler
                0x08006a46      0x15e ./Drivers/STM32L4xx_HAL_Driver/Src/stm32l4xx_hal_dma.o
                0x08006a46                HAL_DMA_IRQHandler
 .text.DMA_SetConfig
                0x08006ba4       0x60 ./Drivers/STM32L4xx_HAL_Driver/Src/stm32l4xx_hal_dma.o
 .text.HAL_GPIO_Init
                0x08006c04      0x2d4 ./Drivers/STM32L4xx_HAL_Driver/Src/stm32l4xx_hal_gpio.o
                0x08006c04                HAL_GPIO_Init
 .text.HAL_GPIO_WritePin
                0x08006ed8       0x30 ./Drivers/STM32L4xx_HAL_Driver/Src/stm32l4xx_hal_gpio.o
                0x08006ed8                HAL_GPIO_WritePin
 .text.HAL_I2C_Init
                0x08006f08      0x136 ./Drivers/STM32L4xx_HAL_Driver/Src/stm32l4xx_hal_i2c.o
                0x08006f08                HAL_I2C_Init
 *fill*         0x0800703e        0x2 
 .text.HAL_I2C_Master_Transmit
                0x08007040      0x230 ./Drivers/STM32L4xx_HAL_Driver/Src/stm32l4xx_hal_i2c.o
                0x08007040                HAL_I2C_Master_Transmit
 .text.HAL_I2C_Master_Receive
                0x08007270      0x1ec ./Drivers/STM32L4xx_HAL_Driver/Src/stm32l4xx_hal_i2c.o
                0x08007270                HAL_I2C_Master_Receive
 .text.I2C_Flush_TXDR
                0x0800745c       0x48 ./Drivers/STM32L4xx_HAL_Driver/Src/stm32l4xx_hal_i2c.o
 .text.I2C_WaitOnFlagUntilTimeout
                0x080074a4       0x9e ./Drivers/STM32L4xx_HAL_Driver/Src/stm32l4xx_hal_i2c.o
 .text.I2C_WaitOnTXISFlagUntilTimeout
                0x08007542       0x8e ./Drivers/STM32L4xx_HAL_Driver/Src/stm32l4xx_hal_i2c.o
 .text.I2C_WaitOnSTOPFlagUntilTimeout
                0x080075d0       0x86 ./Drivers/STM32L4xx_HAL_Driver/Src/stm32l4xx_hal_i2c.o
 *fill*         0x08007656        0x2 
 .text.I2C_WaitOnRXNEFlagUntilTimeout
                0x08007658      0x104 ./Drivers/STM32L4xx_HAL_Driver/Src/stm32l4xx_hal_i2c.o
 .text.I2C_IsErrorOccurred
                0x0800775c      0x1c0 ./Drivers/STM32L4xx_HAL_Driver/Src/stm32l4xx_hal_i2c.o
 .text.I2C_TransferConfig
                0x0800791c       0x64 ./Drivers/STM32L4xx_HAL_Driver/Src/stm32l4xx_hal_i2c.o
 .text.HAL_I2CEx_ConfigAnalogFilter
                0x08007980       0x96 ./Drivers/STM32L4xx_HAL_Driver/Src/stm32l4xx_hal_i2c_ex.o
                0x08007980                HAL_I2CEx_ConfigAnalogFilter
 .text.HAL_I2CEx_ConfigDigitalFilter
                0x08007a16       0x98 ./Drivers/STM32L4xx_HAL_Driver/Src/stm32l4xx_hal_i2c_ex.o
                0x08007a16                HAL_I2CEx_ConfigDigitalFilter
 *fill*         0x08007aae        0x2 
 .text.HAL_PWR_EnableBkUpAccess
                0x08007ab0       0x20 ./Drivers/STM32L4xx_HAL_Driver/Src/stm32l4xx_hal_pwr.o
                0x08007ab0                HAL_PWR_EnableBkUpAccess
 .text.HAL_PWREx_GetVoltageRange
                0x08007ad0       0x1c ./Drivers/STM32L4xx_HAL_Driver/Src/stm32l4xx_hal_pwr_ex.o
                0x08007ad0                HAL_PWREx_GetVoltageRange
 .text.HAL_PWREx_ControlVoltageScaling
                0x08007aec       0xac ./Drivers/STM32L4xx_HAL_Driver/Src/stm32l4xx_hal_pwr_ex.o
                0x08007aec                HAL_PWREx_ControlVoltageScaling
 .text.HAL_RCC_OscConfig
                0x08007b98      0x828 ./Drivers/STM32L4xx_HAL_Driver/Src/stm32l4xx_hal_rcc.o
                0x08007b98                HAL_RCC_OscConfig
 .text.HAL_RCC_ClockConfig
                0x080083c0      0x200 ./Drivers/STM32L4xx_HAL_Driver/Src/stm32l4xx_hal_rcc.o
                0x080083c0                HAL_RCC_ClockConfig
 .text.HAL_RCC_GetSysClockFreq
                0x080085c0      0x118 ./Drivers/STM32L4xx_HAL_Driver/Src/stm32l4xx_hal_rcc.o
                0x080085c0                HAL_RCC_GetSysClockFreq
 .text.HAL_RCC_GetHCLKFreq
                0x080086d8       0x18 ./Drivers/STM32L4xx_HAL_Driver/Src/stm32l4xx_hal_rcc.o
                0x080086d8                HAL_RCC_GetHCLKFreq
 .text.HAL_RCC_GetPCLK1Freq
                0x080086f0       0x2c ./Drivers/STM32L4xx_HAL_Driver/Src/stm32l4xx_hal_rcc.o
                0x080086f0                HAL_RCC_GetPCLK1Freq
 .text.HAL_RCC_GetPCLK2Freq
                0x0800871c       0x2c ./Drivers/STM32L4xx_HAL_Driver/Src/stm32l4xx_hal_rcc.o
                0x0800871c                HAL_RCC_GetPCLK2Freq
 .text.HAL_RCC_GetClockConfig
                0x08008748       0x64 ./Drivers/STM32L4xx_HAL_Driver/Src/stm32l4xx_hal_rcc.o
                0x08008748                HAL_RCC_GetClockConfig
 .text.RCC_SetFlashLatencyFromMSIRange
                0x080087ac       0xc0 ./Drivers/STM32L4xx_HAL_Driver/Src/stm32l4xx_hal_rcc.o
 .text.HAL_RCCEx_PeriphCLKConfig
                0x0800886c      0x3ec ./Drivers/STM32L4xx_HAL_Driver/Src/stm32l4xx_hal_rcc_ex.o
                0x0800886c                HAL_RCCEx_PeriphCLKConfig
 .text.HAL_RCCEx_EnableMSIPLLMode
                0x08008c58       0x20 ./Drivers/STM32L4xx_HAL_Driver/Src/stm32l4xx_hal_rcc_ex.o
                0x08008c58                HAL_RCCEx_EnableMSIPLLMode
 .text.RCCEx_PLLSAI1_Config
                0x08008c78      0x1e4 ./Drivers/STM32L4xx_HAL_Driver/Src/stm32l4xx_hal_rcc_ex.o
 .text.HAL_SPI_Init
                0x08008e5c      0x146 ./Drivers/STM32L4xx_HAL_Driver/Src/stm32l4xx_hal_spi.o
                0x08008e5c                HAL_SPI_Init
 .text.HAL_SPI_Transmit
                0x08008fa2      0x2ea ./Drivers/STM32L4xx_HAL_Driver/Src/stm32l4xx_hal_spi.o
                0x08008fa2                HAL_SPI_Transmit
 .text.HAL_SPI_Receive
                0x0800928c      0x26e ./Drivers/STM32L4xx_HAL_Driver/Src/stm32l4xx_hal_spi.o
                0x0800928c                HAL_SPI_Receive
 .text.HAL_SPI_TransmitReceive
                0x080094fa      0x444 ./Drivers/STM32L4xx_HAL_Driver/Src/stm32l4xx_hal_spi.o
                0x080094fa                HAL_SPI_TransmitReceive
 *fill*         0x0800993e        0x2 
 .text.SPI_WaitFlagStateUntilTimeout
                0x08009940      0x110 ./Drivers/STM32L4xx_HAL_Driver/Src/stm32l4xx_hal_spi.o
 .text.SPI_WaitFifoStateUntilTimeout
                0x08009a50      0x12c ./Drivers/STM32L4xx_HAL_Driver/Src/stm32l4xx_hal_spi.o
 .text.SPI_EndRxTransaction
                0x08009b7c       0xb0 ./Drivers/STM32L4xx_HAL_Driver/Src/stm32l4xx_hal_spi.o
 .text.SPI_EndRxTxTransaction
                0x08009c2c       0x8c ./Drivers/STM32L4xx_HAL_Driver/Src/stm32l4xx_hal_spi.o
 .text.HAL_TIM_Base_Init
                0x08009cb8       0xae ./Drivers/STM32L4xx_HAL_Driver/Src/stm32l4xx_hal_tim.o
                0x08009cb8                HAL_TIM_Base_Init
 .text.HAL_TIM_Base_MspInit
                0x08009d66       0x14 ./Drivers/STM32L4xx_HAL_Driver/Src/stm32l4xx_hal_tim.o
                0x08009d66                HAL_TIM_Base_MspInit
 *fill*         0x08009d7a        0x2 
 .text.HAL_TIM_Base_Start_IT
                0x08009d7c       0xa8 ./Drivers/STM32L4xx_HAL_Driver/Src/stm32l4xx_hal_tim.o
                0x08009d7c                HAL_TIM_Base_Start_IT
 .text.HAL_TIM_IRQHandler
                0x08009e24      0x204 ./Drivers/STM32L4xx_HAL_Driver/Src/stm32l4xx_hal_tim.o
                0x08009e24                HAL_TIM_IRQHandler
 .text.HAL_TIM_OC_DelayElapsedCallback
                0x0800a028       0x14 ./Drivers/STM32L4xx_HAL_Driver/Src/stm32l4xx_hal_tim.o
                0x0800a028                HAL_TIM_OC_DelayElapsedCallback
 .text.HAL_TIM_IC_CaptureCallback
                0x0800a03c       0x14 ./Drivers/STM32L4xx_HAL_Driver/Src/stm32l4xx_hal_tim.o
                0x0800a03c                HAL_TIM_IC_CaptureCallback
 .text.HAL_TIM_PWM_PulseFinishedCallback
                0x0800a050       0x14 ./Drivers/STM32L4xx_HAL_Driver/Src/stm32l4xx_hal_tim.o
                0x0800a050                HAL_TIM_PWM_PulseFinishedCallback
 .text.HAL_TIM_TriggerCallback
                0x0800a064       0x14 ./Drivers/STM32L4xx_HAL_Driver/Src/stm32l4xx_hal_tim.o
                0x0800a064                HAL_TIM_TriggerCallback
 .text.TIM_Base_SetConfig
                0x0800a078       0xc8 ./Drivers/STM32L4xx_HAL_Driver/Src/stm32l4xx_hal_tim.o
                0x0800a078                TIM_Base_SetConfig
 .text.HAL_TIMEx_CommutCallback
                0x0800a140       0x14 ./Drivers/STM32L4xx_HAL_Driver/Src/stm32l4xx_hal_tim_ex.o
                0x0800a140                HAL_TIMEx_CommutCallback
 .text.HAL_TIMEx_BreakCallback
                0x0800a154       0x14 ./Drivers/STM32L4xx_HAL_Driver/Src/stm32l4xx_hal_tim_ex.o
                0x0800a154                HAL_TIMEx_BreakCallback
 .text.HAL_TIMEx_Break2Callback
                0x0800a168       0x14 ./Drivers/STM32L4xx_HAL_Driver/Src/stm32l4xx_hal_tim_ex.o
                0x0800a168                HAL_TIMEx_Break2Callback
 .text.HAL_UART_Init
                0x0800a17c       0x9c ./Drivers/STM32L4xx_HAL_Driver/Src/stm32l4xx_hal_uart.o
                0x0800a17c                HAL_UART_Init
 .text.HAL_UART_Transmit_DMA
                0x0800a218       0xf8 ./Drivers/STM32L4xx_HAL_Driver/Src/stm32l4xx_hal_uart.o
                0x0800a218                HAL_UART_Transmit_DMA
 .text.HAL_UART_Receive_DMA
                0x0800a310       0x98 ./Drivers/STM32L4xx_HAL_Driver/Src/stm32l4xx_hal_uart.o
                0x0800a310                HAL_UART_Receive_DMA
 .text.HAL_UART_IRQHandler
                0x0800a3a8      0x5d4 ./Drivers/STM32L4xx_HAL_Driver/Src/stm32l4xx_hal_uart.o
                0x0800a3a8                HAL_UART_IRQHandler
 .text.HAL_UART_TxHalfCpltCallback
                0x0800a97c       0x14 ./Drivers/STM32L4xx_HAL_Driver/Src/stm32l4xx_hal_uart.o
                0x0800a97c                HAL_UART_TxHalfCpltCallback
 .text.HAL_UART_RxHalfCpltCallback
                0x0800a990       0x14 ./Drivers/STM32L4xx_HAL_Driver/Src/stm32l4xx_hal_uart.o
                0x0800a990                HAL_UART_RxHalfCpltCallback
 .text.HAL_UART_ErrorCallback
                0x0800a9a4       0x14 ./Drivers/STM32L4xx_HAL_Driver/Src/stm32l4xx_hal_uart.o
                0x0800a9a4                HAL_UART_ErrorCallback
 .text.HAL_UARTEx_RxEventCallback
                0x0800a9b8       0x18 ./Drivers/STM32L4xx_HAL_Driver/Src/stm32l4xx_hal_uart.o
                0x0800a9b8                HAL_UARTEx_RxEventCallback
 .text.UART_SetConfig
                0x0800a9d0      0x458 ./Drivers/STM32L4xx_HAL_Driver/Src/stm32l4xx_hal_uart.o
                0x0800a9d0                UART_SetConfig
 .text.UART_AdvFeatureConfig
                0x0800ae28      0x144 ./Drivers/STM32L4xx_HAL_Driver/Src/stm32l4xx_hal_uart.o
                0x0800ae28                UART_AdvFeatureConfig
 .text.UART_CheckIdleState
                0x0800af6c      0x150 ./Drivers/STM32L4xx_HAL_Driver/Src/stm32l4xx_hal_uart.o
                0x0800af6c                UART_CheckIdleState
 .text.UART_WaitOnFlagUntilTimeout
                0x0800b0bc       0xce ./Drivers/STM32L4xx_HAL_Driver/Src/stm32l4xx_hal_uart.o
                0x0800b0bc                UART_WaitOnFlagUntilTimeout
 *fill*         0x0800b18a        0x2 
 .text.UART_Start_Receive_DMA
                0x0800b18c      0x140 ./Drivers/STM32L4xx_HAL_Driver/Src/stm32l4xx_hal_uart.o
                0x0800b18c                UART_Start_Receive_DMA
 .text.UART_EndTxTransfer
                0x0800b2cc       0x4c ./Drivers/STM32L4xx_HAL_Driver/Src/stm32l4xx_hal_uart.o
 .text.UART_EndRxTransfer
                0x0800b318       0xc8 ./Drivers/STM32L4xx_HAL_Driver/Src/stm32l4xx_hal_uart.o
 .text.UART_DMATransmitCplt
                0x0800b3e0       0x9a ./Drivers/STM32L4xx_HAL_Driver/Src/stm32l4xx_hal_uart.o
 .text.UART_DMATxHalfCplt
                0x0800b47a       0x1c ./Drivers/STM32L4xx_HAL_Driver/Src/stm32l4xx_hal_uart.o
 .text.UART_DMAReceiveCplt
                0x0800b496      0x12c ./Drivers/STM32L4xx_HAL_Driver/Src/stm32l4xx_hal_uart.o
 .text.UART_DMARxHalfCplt
                0x0800b5c2       0x3e ./Drivers/STM32L4xx_HAL_Driver/Src/stm32l4xx_hal_uart.o
 .text.UART_DMAError
                0x0800b600       0x7e ./Drivers/STM32L4xx_HAL_Driver/Src/stm32l4xx_hal_uart.o
 .text.UART_DMAAbortOnError
                0x0800b67e       0x2c ./Drivers/STM32L4xx_HAL_Driver/Src/stm32l4xx_hal_uart.o
 .text.UART_EndTransmit_IT
                0x0800b6aa       0x54 ./Drivers/STM32L4xx_HAL_Driver/Src/stm32l4xx_hal_uart.o
 .text.HAL_UARTEx_WakeupCallback
                0x0800b6fe       0x14 ./Drivers/STM32L4xx_HAL_Driver/Src/stm32l4xx_hal_uart_ex.o
                0x0800b6fe                HAL_UARTEx_WakeupCallback
 *fill*         0x0800b712        0x2 
 .text.__NVIC_SetPriority
                0x0800b714       0x54 ./Middlewares/Third_Party/FreeRTOS/Source/CMSIS_RTOS_V2/cmsis_os2.o
 .text.SysTick_Handler
                0x0800b768       0x20 ./Middlewares/Third_Party/FreeRTOS/Source/CMSIS_RTOS_V2/cmsis_os2.o
                0x0800b768                SysTick_Handler
 .text.SVC_Setup
                0x0800b788       0x12 ./Middlewares/Third_Party/FreeRTOS/Source/CMSIS_RTOS_V2/cmsis_os2.o
 *fill*         0x0800b79a        0x2 
 .text.osKernelInitialize
                0x0800b79c       0x48 ./Middlewares/Third_Party/FreeRTOS/Source/CMSIS_RTOS_V2/cmsis_os2.o
                0x0800b79c                osKernelInitialize
 .text.osKernelStart
                0x0800b7e4       0x4c ./Middlewares/Third_Party/FreeRTOS/Source/CMSIS_RTOS_V2/cmsis_os2.o
                0x0800b7e4                osKernelStart
 .text.osKernelGetTickCount
                0x0800b830       0x2a ./Middlewares/Third_Party/FreeRTOS/Source/CMSIS_RTOS_V2/cmsis_os2.o
                0x0800b830                osKernelGetTickCount
 .text.osThreadNew
                0x0800b85a      0x124 ./Middlewares/Third_Party/FreeRTOS/Source/CMSIS_RTOS_V2/cmsis_os2.o
                0x0800b85a                osThreadNew
 .text.osDelay  0x0800b97e       0x36 ./Middlewares/Third_Party/FreeRTOS/Source/CMSIS_RTOS_V2/cmsis_os2.o
                0x0800b97e                osDelay
 .text.osDelayUntil
                0x0800b9b4       0x5a ./Middlewares/Third_Party/FreeRTOS/Source/CMSIS_RTOS_V2/cmsis_os2.o
                0x0800b9b4                osDelayUntil
 .text.osMutexNew
                0x0800ba0e      0x10c ./Middlewares/Third_Party/FreeRTOS/Source/CMSIS_RTOS_V2/cmsis_os2.o
                0x0800ba0e                osMutexNew
 .text.osMutexAcquire
                0x0800bb1a       0x96 ./Middlewares/Third_Party/FreeRTOS/Source/CMSIS_RTOS_V2/cmsis_os2.o
                0x0800bb1a                osMutexAcquire
 .text.osMutexRelease
                0x0800bbb0       0x7a ./Middlewares/Third_Party/FreeRTOS/Source/CMSIS_RTOS_V2/cmsis_os2.o
                0x0800bbb0                osMutexRelease
 .text.osSemaphoreNew
                0x0800bc2a      0x112 ./Middlewares/Third_Party/FreeRTOS/Source/CMSIS_RTOS_V2/cmsis_os2.o
                0x0800bc2a                osSemaphoreNew
 .text.osSemaphoreAcquire
                0x0800bd3c       0xa4 ./Middlewares/Third_Party/FreeRTOS/Source/CMSIS_RTOS_V2/cmsis_os2.o
                0x0800bd3c                osSemaphoreAcquire
 .text.osSemaphoreRelease
                0x0800bde0       0x88 ./Middlewares/Third_Party/FreeRTOS/Source/CMSIS_RTOS_V2/cmsis_os2.o
                0x0800bde0                osSemaphoreRelease
 .text.osMessageQueueNew
                0x0800be68       0xe6 ./Middlewares/Third_Party/FreeRTOS/Source/CMSIS_RTOS_V2/cmsis_os2.o
                0x0800be68                osMessageQueueNew
 *fill*         0x0800bf4e        0x2 
 .text.osMessageQueuePut
                0x0800bf50       0xc0 ./Middlewares/Third_Party/FreeRTOS/Source/CMSIS_RTOS_V2/cmsis_os2.o
                0x0800bf50                osMessageQueuePut
 .text.osMessageQueueGet
                0x0800c010       0xbc ./Middlewares/Third_Party/FreeRTOS/Source/CMSIS_RTOS_V2/cmsis_os2.o
                0x0800c010                osMessageQueueGet
 .text.osMessageQueueGetCount
                0x0800c0cc       0x40 ./Middlewares/Third_Party/FreeRTOS/Source/CMSIS_RTOS_V2/cmsis_os2.o
                0x0800c0cc                osMessageQueueGetCount
 .text.vApplicationGetIdleTaskMemory
                0x0800c10c       0x34 ./Middlewares/Third_Party/FreeRTOS/Source/CMSIS_RTOS_V2/cmsis_os2.o
                0x0800c10c                vApplicationGetIdleTaskMemory
 .text.vApplicationGetTimerTaskMemory
                0x0800c140       0x34 ./Middlewares/Third_Party/FreeRTOS/Source/CMSIS_RTOS_V2/cmsis_os2.o
                0x0800c140                vApplicationGetTimerTaskMemory
 .text.vListInitialise
                0x0800c174       0x40 ./Middlewares/Third_Party/FreeRTOS/Source/list.o
                0x0800c174                vListInitialise
 .text.vListInitialiseItem
                0x0800c1b4       0x1a ./Middlewares/Third_Party/FreeRTOS/Source/list.o
                0x0800c1b4                vListInitialiseItem
 .text.vListInsertEnd
                0x0800c1ce       0x48 ./Middlewares/Third_Party/FreeRTOS/Source/list.o
                0x0800c1ce                vListInsertEnd
 .text.vListInsert
                0x0800c216       0x72 ./Middlewares/Third_Party/FreeRTOS/Source/list.o
                0x0800c216                vListInsert
 .text.uxListRemove
                0x0800c288       0x54 ./Middlewares/Third_Party/FreeRTOS/Source/list.o
                0x0800c288                uxListRemove
 .text.xQueueGenericReset
                0x0800c2dc       0xd4 ./Middlewares/Third_Party/FreeRTOS/Source/queue.o
                0x0800c2dc                xQueueGenericReset
 .text.xQueueGenericCreateStatic
                0x0800c3b0       0xfa ./Middlewares/Third_Party/FreeRTOS/Source/queue.o
                0x0800c3b0                xQueueGenericCreateStatic
 .text.xQueueGenericCreate
                0x0800c4aa       0x76 ./Middlewares/Third_Party/FreeRTOS/Source/queue.o
                0x0800c4aa                xQueueGenericCreate
 .text.prvInitialiseNewQueue
                0x0800c520       0x46 ./Middlewares/Third_Party/FreeRTOS/Source/queue.o
 .text.prvInitialiseMutex
                0x0800c566       0x34 ./Middlewares/Third_Party/FreeRTOS/Source/queue.o
 .text.xQueueCreateMutex
                0x0800c59a       0x30 ./Middlewares/Third_Party/FreeRTOS/Source/queue.o
                0x0800c59a                xQueueCreateMutex
 .text.xQueueCreateMutexStatic
                0x0800c5ca       0x36 ./Middlewares/Third_Party/FreeRTOS/Source/queue.o
                0x0800c5ca                xQueueCreateMutexStatic
 .text.xQueueGiveMutexRecursive
                0x0800c600       0x6a ./Middlewares/Third_Party/FreeRTOS/Source/queue.o
                0x0800c600                xQueueGiveMutexRecursive
 .text.xQueueTakeMutexRecursive
                0x0800c66a       0x6e ./Middlewares/Third_Party/FreeRTOS/Source/queue.o
                0x0800c66a                xQueueTakeMutexRecursive
 .text.xQueueCreateCountingSemaphoreStatic
                0x0800c6d8       0x72 ./Middlewares/Third_Party/FreeRTOS/Source/queue.o
                0x0800c6d8                xQueueCreateCountingSemaphoreStatic
 .text.xQueueCreateCountingSemaphore
                0x0800c74a       0x6a ./Middlewares/Third_Party/FreeRTOS/Source/queue.o
                0x0800c74a                xQueueCreateCountingSemaphore
 .text.xQueueGenericSend
                0x0800c7b4      0x204 ./Middlewares/Third_Party/FreeRTOS/Source/queue.o
                0x0800c7b4                xQueueGenericSend
 .text.xQueueGenericSendFromISR
                0x0800c9b8      0x13c ./Middlewares/Third_Party/FreeRTOS/Source/queue.o
                0x0800c9b8                xQueueGenericSendFromISR
 .text.xQueueGiveFromISR
                0x0800caf4      0x120 ./Middlewares/Third_Party/FreeRTOS/Source/queue.o
                0x0800caf4                xQueueGiveFromISR
 .text.xQueueReceive
                0x0800cc14      0x1c4 ./Middlewares/Third_Party/FreeRTOS/Source/queue.o
                0x0800cc14                xQueueReceive
 .text.xQueueSemaphoreTake
                0x0800cdd8      0x220 ./Middlewares/Third_Party/FreeRTOS/Source/queue.o
                0x0800cdd8                xQueueSemaphoreTake
 .text.xQueueReceiveFromISR
                0x0800cff8      0x104 ./Middlewares/Third_Party/FreeRTOS/Source/queue.o
                0x0800cff8                xQueueReceiveFromISR
 .text.uxQueueMessagesWaiting
                0x0800d0fc       0x3e ./Middlewares/Third_Party/FreeRTOS/Source/queue.o
                0x0800d0fc                uxQueueMessagesWaiting
 .text.uxQueueMessagesWaitingFromISR
                0x0800d13a       0x3e ./Middlewares/Third_Party/FreeRTOS/Source/queue.o
                0x0800d13a                uxQueueMessagesWaitingFromISR
 .text.vQueueDelete
                0x0800d178       0x48 ./Middlewares/Third_Party/FreeRTOS/Source/queue.o
                0x0800d178                vQueueDelete
 .text.prvGetDisinheritPriorityAfterTimeout
                0x0800d1c0       0x30 ./Middlewares/Third_Party/FreeRTOS/Source/queue.o
 .text.prvCopyDataToQueue
                0x0800d1f0       0xd4 ./Middlewares/Third_Party/FreeRTOS/Source/queue.o
 .text.prvCopyDataFromQueue
                0x0800d2c4       0x4c ./Middlewares/Third_Party/FreeRTOS/Source/queue.o
 .text.prvUnlockQueue
                0x0800d310       0xa4 ./Middlewares/Third_Party/FreeRTOS/Source/queue.o
 .text.prvIsQueueEmpty
                0x0800d3b4       0x2c ./Middlewares/Third_Party/FreeRTOS/Source/queue.o
 .text.prvIsQueueFull
                0x0800d3e0       0x30 ./Middlewares/Third_Party/FreeRTOS/Source/queue.o
 .text.vQueueAddToRegistry
                0x0800d410       0x54 ./Middlewares/Third_Party/FreeRTOS/Source/queue.o
                0x0800d410                vQueueAddToRegistry
 .text.vQueueUnregisterQueue
                0x0800d464       0x54 ./Middlewares/Third_Party/FreeRTOS/Source/queue.o
                0x0800d464                vQueueUnregisterQueue
 .text.vQueueWaitForMessageRestricted
                0x0800d4b8       0x68 ./Middlewares/Third_Party/FreeRTOS/Source/queue.o
                0x0800d4b8                vQueueWaitForMessageRestricted
 .text.xTaskCreateStatic
                0x0800d520       0xc0 ./Middlewares/Third_Party/FreeRTOS/Source/tasks.o
                0x0800d520                xTaskCreateStatic
 .text.xTaskCreate
                0x0800d5e0       0x8a ./Middlewares/Third_Party/FreeRTOS/Source/tasks.o
                0x0800d5e0                xTaskCreate
 *fill*         0x0800d66a        0x2 
 .text.prvInitialiseNewTask
                0x0800d66c      0x150 ./Middlewares/Third_Party/FreeRTOS/Source/tasks.o
 .text.prvAddNewTaskToReadyList
                0x0800d7bc       0xe0 ./Middlewares/Third_Party/FreeRTOS/Source/tasks.o
 .text.vTaskDelayUntil
                0x0800d89c      0x100 ./Middlewares/Third_Party/FreeRTOS/Source/tasks.o
                0x0800d89c                vTaskDelayUntil
 .text.vTaskDelay
                0x0800d99c       0x6c ./Middlewares/Third_Party/FreeRTOS/Source/tasks.o
                0x0800d99c                vTaskDelay
 .text.vTaskStartScheduler
                0x0800da08       0xe0 ./Middlewares/Third_Party/FreeRTOS/Source/tasks.o
                0x0800da08                vTaskStartScheduler
 .text.vTaskSuspendAll
                0x0800dae8       0x1c ./Middlewares/Third_Party/FreeRTOS/Source/tasks.o
                0x0800dae8                vTaskSuspendAll
 .text.xTaskResumeAll
                0x0800db04      0x13c ./Middlewares/Third_Party/FreeRTOS/Source/tasks.o
                0x0800db04                xTaskResumeAll
 .text.xTaskGetTickCount
                0x0800dc40       0x20 ./Middlewares/Third_Party/FreeRTOS/Source/tasks.o
                0x0800dc40                xTaskGetTickCount
 .text.xTaskGetTickCountFromISR
                0x0800dc60       0x24 ./Middlewares/Third_Party/FreeRTOS/Source/tasks.o
                0x0800dc60                xTaskGetTickCountFromISR
 .text.xTaskIncrementTick
                0x0800dc84      0x174 ./Middlewares/Third_Party/FreeRTOS/Source/tasks.o
                0x0800dc84                xTaskIncrementTick
 .text.vTaskSwitchContext
                0x0800ddf8       0xcc ./Middlewares/Third_Party/FreeRTOS/Source/tasks.o
                0x0800ddf8                vTaskSwitchContext
 .text.vTaskPlaceOnEventList
                0x0800dec4       0x4c ./Middlewares/Third_Party/FreeRTOS/Source/tasks.o
                0x0800dec4                vTaskPlaceOnEventList
 .text.vTaskPlaceOnEventListRestricted
                0x0800df10       0x58 ./Middlewares/Third_Party/FreeRTOS/Source/tasks.o
                0x0800df10                vTaskPlaceOnEventListRestricted
 .text.xTaskRemoveFromEventList
                0x0800df68       0xc8 ./Middlewares/Third_Party/FreeRTOS/Source/tasks.o
                0x0800df68                xTaskRemoveFromEventList
 .text.vTaskInternalSetTimeOutState
                0x0800e030       0x2c ./Middlewares/Third_Party/FreeRTOS/Source/tasks.o
                0x0800e030                vTaskInternalSetTimeOutState
 .text.xTaskCheckForTimeOut
                0x0800e05c       0xc8 ./Middlewares/Third_Party/FreeRTOS/Source/tasks.o
                0x0800e05c                xTaskCheckForTimeOut
 .text.vTaskMissedYield
                0x0800e124       0x18 ./Middlewares/Third_Party/FreeRTOS/Source/tasks.o
                0x0800e124                vTaskMissedYield
 .text.prvIdleTask
                0x0800e13c       0x30 ./Middlewares/Third_Party/FreeRTOS/Source/tasks.o
 .text.prvInitialiseTaskLists
                0x0800e16c       0x80 ./Middlewares/Third_Party/FreeRTOS/Source/tasks.o
 .text.prvCheckTasksWaitingTermination
                0x0800e1ec       0x5c ./Middlewares/Third_Party/FreeRTOS/Source/tasks.o
 .text.prvDeleteTCB
                0x0800e248       0x6a ./Middlewares/Third_Party/FreeRTOS/Source/tasks.o
 *fill*         0x0800e2b2        0x2 
 .text.prvResetNextTaskUnblockTime
                0x0800e2b4       0x40 ./Middlewares/Third_Party/FreeRTOS/Source/tasks.o
 .text.xTaskGetCurrentTaskHandle
                0x0800e2f4       0x20 ./Middlewares/Third_Party/FreeRTOS/Source/tasks.o
                0x0800e2f4                xTaskGetCurrentTaskHandle
 .text.xTaskGetSchedulerState
                0x0800e314       0x3c ./Middlewares/Third_Party/FreeRTOS/Source/tasks.o
                0x0800e314                xTaskGetSchedulerState
 .text.xTaskPriorityInherit
                0x0800e350       0xd0 ./Middlewares/Third_Party/FreeRTOS/Source/tasks.o
                0x0800e350                xTaskPriorityInherit
 .text.xTaskPriorityDisinherit
                0x0800e420       0xe0 ./Middlewares/Third_Party/FreeRTOS/Source/tasks.o
                0x0800e420                xTaskPriorityDisinherit
 .text.vTaskPriorityDisinheritAfterTimeout
                0x0800e500      0x108 ./Middlewares/Third_Party/FreeRTOS/Source/tasks.o
                0x0800e500                vTaskPriorityDisinheritAfterTimeout
 .text.pvTaskIncrementMutexHeldCount
                0x0800e608       0x28 ./Middlewares/Third_Party/FreeRTOS/Source/tasks.o
                0x0800e608                pvTaskIncrementMutexHeldCount
 .text.prvAddCurrentTaskToDelayedList
                0x0800e630       0xa8 ./Middlewares/Third_Party/FreeRTOS/Source/tasks.o
 .text.xTimerCreateTimerTask
                0x0800e6d8       0x94 ./Middlewares/Third_Party/FreeRTOS/Source/timers.o
                0x0800e6d8                xTimerCreateTimerTask
 .text.xTimerGenericCommand
                0x0800e76c       0x9c ./Middlewares/Third_Party/FreeRTOS/Source/timers.o
                0x0800e76c                xTimerGenericCommand
 .text.prvProcessExpiredTimer
                0x0800e808       0x9c ./Middlewares/Third_Party/FreeRTOS/Source/timers.o
 .text.prvTimerTask
                0x0800e8a4       0x26 ./Middlewares/Third_Party/FreeRTOS/Source/timers.o
 *fill*         0x0800e8ca        0x2 
 .text.prvProcessTimerOrBlockTask
                0x0800e8cc       0x9c ./Middlewares/Third_Party/FreeRTOS/Source/timers.o
 .text.prvGetNextExpireTime
                0x0800e968       0x48 ./Middlewares/Third_Party/FreeRTOS/Source/timers.o
 .text.prvSampleTimeNow
                0x0800e9b0       0x40 ./Middlewares/Third_Party/FreeRTOS/Source/timers.o
 .text.prvInsertTimerInActiveList
                0x0800e9f0       0x84 ./Middlewares/Third_Party/FreeRTOS/Source/timers.o
 .text.prvProcessReceivedCommands
                0x0800ea74      0x1cc ./Middlewares/Third_Party/FreeRTOS/Source/timers.o
 .text.prvSwitchTimerLists
                0x0800ec40       0xcc ./Middlewares/Third_Party/FreeRTOS/Source/timers.o
 .text.prvCheckForValidListAndQueue
                0x0800ed0c       0x80 ./Middlewares/Third_Party/FreeRTOS/Source/timers.o
 .text.pxPortInitialiseStack
                0x0800ed8c       0x68 ./Middlewares/Third_Party/FreeRTOS/Source/portable/GCC/ARM_CM4F/port.o
                0x0800ed8c                pxPortInitialiseStack
 .text.prvTaskExitError
                0x0800edf4       0x5c ./Middlewares/Third_Party/FreeRTOS/Source/portable/GCC/ARM_CM4F/port.o
 .text.SVC_Handler
                0x0800ee50       0x28 ./Middlewares/Third_Party/FreeRTOS/Source/portable/GCC/ARM_CM4F/port.o
                0x0800ee50                SVC_Handler
 .text.prvPortStartFirstTask
                0x0800ee78       0x28 ./Middlewares/Third_Party/FreeRTOS/Source/portable/GCC/ARM_CM4F/port.o
 .text.xPortStartScheduler
                0x0800eea0      0x148 ./Middlewares/Third_Party/FreeRTOS/Source/portable/GCC/ARM_CM4F/port.o
                0x0800eea0                xPortStartScheduler
 .text.vPortEnterCritical
                0x0800efe8       0x64 ./Middlewares/Third_Party/FreeRTOS/Source/portable/GCC/ARM_CM4F/port.o
                0x0800efe8                vPortEnterCritical
 .text.vPortExitCritical
                0x0800f04c       0x54 ./Middlewares/Third_Party/FreeRTOS/Source/portable/GCC/ARM_CM4F/port.o
                0x0800f04c                vPortExitCritical
 .text.PendSV_Handler
                0x0800f0a0       0x68 ./Middlewares/Third_Party/FreeRTOS/Source/portable/GCC/ARM_CM4F/port.o
                0x0800f0a0                PendSV_Handler
 .text.xPortSysTickHandler
                0x0800f108       0x44 ./Middlewares/Third_Party/FreeRTOS/Source/portable/GCC/ARM_CM4F/port.o
                0x0800f108                xPortSysTickHandler
 .text.vPortSetupTimerInterrupt
                0x0800f14c       0x48 ./Middlewares/Third_Party/FreeRTOS/Source/portable/GCC/ARM_CM4F/port.o
                0x0800f14c                vPortSetupTimerInterrupt
 .text.vPortEnableVFP
                0x0800f194       0x14 ./Middlewares/Third_Party/FreeRTOS/Source/portable/GCC/ARM_CM4F/port.o
 .text.vPortValidateInterruptPriority
                0x0800f1a8       0x84 ./Middlewares/Third_Party/FreeRTOS/Source/portable/GCC/ARM_CM4F/port.o
                0x0800f1a8                vPortValidateInterruptPriority
 .text.pvPortMalloc
                0x0800f22c      0x19c ./Middlewares/Third_Party/FreeRTOS/Source/portable/MemMang/heap_4.o
                0x0800f22c                pvPortMalloc
 .text.vPortFree
                0x0800f3c8       0xc8 ./Middlewares/Third_Party/FreeRTOS/Source/portable/MemMang/heap_4.o
                0x0800f3c8                vPortFree
 .text.prvHeapInit
                0x0800f490       0xc4 ./Middlewares/Third_Party/FreeRTOS/Source/portable/MemMang/heap_4.o
 .text.prvInsertBlockIntoFreeList
                0x0800f554       0xb4 ./Middlewares/Third_Party/FreeRTOS/Source/portable/MemMang/heap_4.o
 .text.memset   0x0800f608       0x10 C:/ST/STM32CubeIDE_1.13.0/STM32CubeIDE/plugins/com.st.stm32cube.ide.mcu.externaltools.gnu-tools-for-stm32.12.3.rel1.win32_1.0.100.202403111256/tools/bin/../lib/gcc/arm-none-eabi/12.3.1/../../../../arm-none-eabi/lib/thumb/v7e-m+fp/hard\libc_nano.a(libc_a-memset.o)
                0x0800f608                memset
 .text._reclaim_reent
                0x0800f618       0xac C:/ST/STM32CubeIDE_1.13.0/STM32CubeIDE/plugins/com.st.stm32cube.ide.mcu.externaltools.gnu-tools-for-stm32.12.3.rel1.win32_1.0.100.202403111256/tools/bin/../lib/gcc/arm-none-eabi/12.3.1/../../../../arm-none-eabi/lib/thumb/v7e-m+fp/hard\libc_nano.a(libc_a-reent.o)
                0x0800f618                _reclaim_reent
 .text.__errno  0x0800f6c4        0xc C:/ST/STM32CubeIDE_1.13.0/STM32CubeIDE/plugins/com.st.stm32cube.ide.mcu.externaltools.gnu-tools-for-stm32.12.3.rel1.win32_1.0.100.202403111256/tools/bin/../lib/gcc/arm-none-eabi/12.3.1/../../../../arm-none-eabi/lib/thumb/v7e-m+fp/hard\libc_nano.a(libc_a-errno.o)
                0x0800f6c4                __errno
 .text.__libc_init_array
                0x0800f6d0       0x48 C:/ST/STM32CubeIDE_1.13.0/STM32CubeIDE/plugins/com.st.stm32cube.ide.mcu.externaltools.gnu-tools-for-stm32.12.3.rel1.win32_1.0.100.202403111256/tools/bin/../lib/gcc/arm-none-eabi/12.3.1/../../../../arm-none-eabi/lib/thumb/v7e-m+fp/hard\libc_nano.a(libc_a-init.o)
                0x0800f6d0                __libc_init_array
 .text.__retarget_lock_acquire_recursive
                0x0800f718        0x2 C:/ST/STM32CubeIDE_1.13.0/STM32CubeIDE/plugins/com.st.stm32cube.ide.mcu.externaltools.gnu-tools-for-stm32.12.3.rel1.win32_1.0.100.202403111256/tools/bin/../lib/gcc/arm-none-eabi/12.3.1/../../../../arm-none-eabi/lib/thumb/v7e-m+fp/hard\libc_nano.a(libc_a-lock.o)
                0x0800f718                __retarget_lock_acquire_recursive
 .text.__retarget_lock_release_recursive
                0x0800f71a        0x2 C:/ST/STM32CubeIDE_1.13.0/STM32CubeIDE/plugins/com.st.stm32cube.ide.mcu.externaltools.gnu-tools-for-stm32.12.3.rel1.win32_1.0.100.202403111256/tools/bin/../lib/gcc/arm-none-eabi/12.3.1/../../../../arm-none-eabi/lib/thumb/v7e-m+fp/hard\libc_nano.a(libc_a-lock.o)
                0x0800f71a                __retarget_lock_release_recursive
 .text.memcpy   0x0800f71c       0x1c C:/ST/STM32CubeIDE_1.13.0/STM32CubeIDE/plugins/com.st.stm32cube.ide.mcu.externaltools.gnu-tools-for-stm32.12.3.rel1.win32_1.0.100.202403111256/tools/bin/../lib/gcc/arm-none-eabi/12.3.1/../../../../arm-none-eabi/lib/thumb/v7e-m+fp/hard\libc_nano.a(libc_a-memcpy-stub.o)
                0x0800f71c                memcpy
 .text._free_r  0x0800f738       0x94 C:/ST/STM32CubeIDE_1.13.0/STM32CubeIDE/plugins/com.st.stm32cube.ide.mcu.externaltools.gnu-tools-for-stm32.12.3.rel1.win32_1.0.100.202403111256/tools/bin/../lib/gcc/arm-none-eabi/12.3.1/../../../../arm-none-eabi/lib/thumb/v7e-m+fp/hard\libc_nano.a(libc_a-freer.o)
                0x0800f738                _free_r
 .text.__malloc_lock
                0x0800f7cc        0xc C:/ST/STM32CubeIDE_1.13.0/STM32CubeIDE/plugins/com.st.stm32cube.ide.mcu.externaltools.gnu-tools-for-stm32.12.3.rel1.win32_1.0.100.202403111256/tools/bin/../lib/gcc/arm-none-eabi/12.3.1/../../../../arm-none-eabi/lib/thumb/v7e-m+fp/hard\libc_nano.a(libc_a-mlock.o)
                0x0800f7cc                __malloc_lock
 .text.__malloc_unlock
                0x0800f7d8        0xc C:/ST/STM32CubeIDE_1.13.0/STM32CubeIDE/plugins/com.st.stm32cube.ide.mcu.externaltools.gnu-tools-for-stm32.12.3.rel1.win32_1.0.100.202403111256/tools/bin/../lib/gcc/arm-none-eabi/12.3.1/../../../../arm-none-eabi/lib/thumb/v7e-m+fp/hard\libc_nano.a(libc_a-mlock.o)
                0x0800f7d8                __malloc_unlock
 .text.fmod     0x0800f7e4       0x5c C:/ST/STM32CubeIDE_1.13.0/STM32CubeIDE/plugins/com.st.stm32cube.ide.mcu.externaltools.gnu-tools-for-stm32.12.3.rel1.win32_1.0.100.202403111256/tools/bin/../lib/gcc/arm-none-eabi/12.3.1/../../../../arm-none-eabi/lib/thumb/v7e-m+fp/hard\libm.a(libm_a-w_fmod.o)
                0x0800f7e4                fmod
 .text.__ieee754_fmod
                0x0800f840      0x214 C:/ST/STM32CubeIDE_1.13.0/STM32CubeIDE/plugins/com.st.stm32cube.ide.mcu.externaltools.gnu-tools-for-stm32.12.3.rel1.win32_1.0.100.202403111256/tools/bin/../lib/gcc/arm-none-eabi/12.3.1/../../../../arm-none-eabi/lib/thumb/v7e-m+fp/hard\libm.a(libm_a-e_fmod.o)
                0x0800f840                __ieee754_fmod
 *(.glue_7)
 .glue_7        0x0800fa54        0x0 linker stubs
 *(.glue_7t)
 .glue_7t       0x0800fa54        0x0 linker stubs
 *(.eh_frame)
 .eh_frame      0x0800fa54        0x0 C:/ST/STM32CubeIDE_1.13.0/STM32CubeIDE/plugins/com.st.stm32cube.ide.mcu.externaltools.gnu-tools-for-stm32.12.3.rel1.win32_1.0.100.202403111256/tools/bin/../lib/gcc/arm-none-eabi/12.3.1/thumb/v7e-m+fp/hard/crtbegin.o
 *(.init)
 .init          0x0800fa54        0x4 C:/ST/STM32CubeIDE_1.13.0/STM32CubeIDE/plugins/com.st.stm32cube.ide.mcu.externaltools.gnu-tools-for-stm32.12.3.rel1.win32_1.0.100.202403111256/tools/bin/../lib/gcc/arm-none-eabi/12.3.1/thumb/v7e-m+fp/hard/crti.o
                0x0800fa54                _init
 .init          0x0800fa58        0x8 C:/ST/STM32CubeIDE_1.13.0/STM32CubeIDE/plugins/com.st.stm32cube.ide.mcu.externaltools.gnu-tools-for-stm32.12.3.rel1.win32_1.0.100.202403111256/tools/bin/../lib/gcc/arm-none-eabi/12.3.1/thumb/v7e-m+fp/hard/crtn.o
 *(.fini)
 .fini          0x0800fa60        0x4 C:/ST/STM32CubeIDE_1.13.0/STM32CubeIDE/plugins/com.st.stm32cube.ide.mcu.externaltools.gnu-tools-for-stm32.12.3.rel1.win32_1.0.100.202403111256/tools/bin/../lib/gcc/arm-none-eabi/12.3.1/thumb/v7e-m+fp/hard/crti.o
                0x0800fa60                _fini
 .fini          0x0800fa64        0x8 C:/ST/STM32CubeIDE_1.13.0/STM32CubeIDE/plugins/com.st.stm32cube.ide.mcu.externaltools.gnu-tools-for-stm32.12.3.rel1.win32_1.0.100.202403111256/tools/bin/../lib/gcc/arm-none-eabi/12.3.1/thumb/v7e-m+fp/hard/crtn.o
                0x0800fa6c                        . = ALIGN (0x4)
                0x0800fa6c                        _etext = .

.vfp11_veneer   0x0800fa6c        0x0
 .vfp11_veneer  0x0800fa6c        0x0 linker stubs

.v4_bx          0x0800fa6c        0x0
 .v4_bx         0x0800fa6c        0x0 linker stubs

.iplt           0x0800fa6c        0x0
 .iplt          0x0800fa6c        0x0 C:/ST/STM32CubeIDE_1.13.0/STM32CubeIDE/plugins/com.st.stm32cube.ide.mcu.externaltools.gnu-tools-for-stm32.12.3.rel1.win32_1.0.100.202403111256/tools/bin/../lib/gcc/arm-none-eabi/12.3.1/thumb/v7e-m+fp/hard/crtbegin.o

.rodata         0x0800fa70      0x7f8
                0x0800fa70                        . = ALIGN (0x4)
 *(.rodata)
 .rodata        0x0800fa70      0x4a8 ./Core/Src/CLI.o
 .rodata        0x0800ff18       0xe2 ./Core/Src/main.o
 *fill*         0x0800fffa        0x2 
 .rodata        0x0800fffc        0x5 ./Middlewares/Third_Party/FreeRTOS/Source/tasks.o
 *fill*         0x08010001        0x3 
 .rodata        0x08010004        0xd ./Middlewares/Third_Party/FreeRTOS/Source/timers.o
 *(.rodata*)
 *fill*         0x08010011        0x3 
 .rodata.CLI_attributes
                0x08010014       0x24 ./Core/Src/main.o
                0x08010014                CLI_attributes
 .rodata.Temp_attributes
                0x08010038       0x24 ./Core/Src/main.o
                0x08010038                Temp_attributes
 .rodata.V1_attributes
                0x0801005c       0x24 ./Core/Src/main.o
                0x0801005c                V1_attributes
 .rodata.V2_attributes
                0x08010080       0x24 ./Core/Src/main.o
                0x08010080                V2_attributes
 .rodata.V3_attributes
                0x080100a4       0x24 ./Core/Src/main.o
                0x080100a4                V3_attributes
 .rodata.V4_attributes
                0x080100c8       0x24 ./Core/Src/main.o
                0x080100c8                V4_attributes
 .rodata.P1_attributes
                0x080100ec       0x24 ./Core/Src/main.o
                0x080100ec                P1_attributes
 .rodata.VSIM_attributes
                0x08010110       0x24 ./Core/Src/main.o
                0x08010110                VSIM_attributes
 .rodata.Print_attributes
                0x08010134       0x24 ./Core/Src/main.o
                0x08010134                Print_attributes
 .rodata.mutexSPI_attributes
                0x08010158       0x10 ./Core/Src/main.o
                0x08010158                mutexSPI_attributes
 .rodata.mutexPrint_attributes
                0x08010168       0x10 ./Core/Src/main.o
                0x08010168                mutexPrint_attributes
 .rodata.semV1_attributes
                0x08010178       0x10 ./Core/Src/main.o
                0x08010178                semV1_attributes
 .rodata.semV2_attributes
                0x08010188       0x10 ./Core/Src/main.o
                0x08010188                semV2_attributes
 .rodata.semV3_attributes
                0x08010198       0x10 ./Core/Src/main.o
                0x08010198                semV3_attributes
 .rodata.semV4_attributes
                0x080101a8       0x10 ./Core/Src/main.o
                0x080101a8                semV4_attributes
 .rodata.semTemp_attributes
                0x080101b8       0x10 ./Core/Src/main.o
                0x080101b8                semTemp_attributes
 .rodata.semP1_attributes
                0x080101c8       0x10 ./Core/Src/main.o
                0x080101c8                semP1_attributes
 .rodata.semVSIM_attributes
                0x080101d8       0x10 ./Core/Src/main.o
                0x080101d8                semVSIM_attributes
 .rodata.semReturn_attributes
                0x080101e8       0x10 ./Core/Src/main.o
                0x080101e8                semReturn_attributes
 .rodata.queue_attributes
                0x080101f8       0x18 ./Core/Src/main.o
                0x080101f8                queue_attributes
 .rodata.AHBPrescTable
                0x08010210       0x10 ./Core/Src/system_stm32l4xx.o
                0x08010210                AHBPrescTable
 .rodata.APBPrescTable
                0x08010220        0x8 ./Core/Src/system_stm32l4xx.o
                0x08010220                APBPrescTable
 .rodata.MSIRangeTable
                0x08010228       0x30 ./Core/Src/system_stm32l4xx.o
                0x08010228                MSIRangeTable
 .rodata.Zero   0x08010258       0x10 C:/ST/STM32CubeIDE_1.13.0/STM32CubeIDE/plugins/com.st.stm32cube.ide.mcu.externaltools.gnu-tools-for-stm32.12.3.rel1.win32_1.0.100.202403111256/tools/bin/../lib/gcc/arm-none-eabi/12.3.1/../../../../arm-none-eabi/lib/thumb/v7e-m+fp/hard\libm.a(libm_a-e_fmod.o)
                0x08010268                        . = ALIGN (0x4)

.ARM.extab      0x08010268        0x0
                0x08010268                        . = ALIGN (0x4)
 *(.ARM.extab* .gnu.linkonce.armextab.*)
                0x08010268                        . = ALIGN (0x4)

.ARM            0x08010268        0x8
                0x08010268                        . = ALIGN (0x4)
                0x08010268                        __exidx_start = .
 *(.ARM.exidx*)
 .ARM.exidx     0x08010268        0x8 C:/ST/STM32CubeIDE_1.13.0/STM32CubeIDE/plugins/com.st.stm32cube.ide.mcu.externaltools.gnu-tools-for-stm32.12.3.rel1.win32_1.0.100.202403111256/tools/bin/../lib/gcc/arm-none-eabi/12.3.1/thumb/v7e-m+fp/hard\libgcc.a(_udivmoddi4.o)
                0x08010270                        __exidx_end = .
                0x08010270                        . = ALIGN (0x4)

.preinit_array  0x08010270        0x0
                0x08010270                        . = ALIGN (0x4)
                0x08010270                        PROVIDE (__preinit_array_start = .)
 *(.preinit_array*)
                0x08010270                        PROVIDE (__preinit_array_end = .)
                0x08010270                        . = ALIGN (0x4)

.init_array     0x08010270        0x4
                0x08010270                        . = ALIGN (0x4)
                0x08010270                        PROVIDE (__init_array_start = .)
 *(SORT_BY_NAME(.init_array.*))
 *(.init_array*)
 .init_array    0x08010270        0x4 C:/ST/STM32CubeIDE_1.13.0/STM32CubeIDE/plugins/com.st.stm32cube.ide.mcu.externaltools.gnu-tools-for-stm32.12.3.rel1.win32_1.0.100.202403111256/tools/bin/../lib/gcc/arm-none-eabi/12.3.1/thumb/v7e-m+fp/hard/crtbegin.o
                0x08010274                        PROVIDE (__init_array_end = .)
                0x08010274                        . = ALIGN (0x4)

.fini_array     0x08010274        0x4
                0x08010274                        . = ALIGN (0x4)
                [!provide]                        PROVIDE (__fini_array_start = .)
 *(SORT_BY_NAME(.fini_array.*))
 *(.fini_array*)
 .fini_array    0x08010274        0x4 C:/ST/STM32CubeIDE_1.13.0/STM32CubeIDE/plugins/com.st.stm32cube.ide.mcu.externaltools.gnu-tools-for-stm32.12.3.rel1.win32_1.0.100.202403111256/tools/bin/../lib/gcc/arm-none-eabi/12.3.1/thumb/v7e-m+fp/hard/crtbegin.o
                [!provide]                        PROVIDE (__fini_array_end = .)
                0x08010278                        . = ALIGN (0x4)
                0x08010278                        _sidata = LOADADDR (.data)

.rel.dyn        0x08010278        0x0
 .rel.iplt      0x08010278        0x0 C:/ST/STM32CubeIDE_1.13.0/STM32CubeIDE/plugins/com.st.stm32cube.ide.mcu.externaltools.gnu-tools-for-stm32.12.3.rel1.win32_1.0.100.202403111256/tools/bin/../lib/gcc/arm-none-eabi/12.3.1/thumb/v7e-m+fp/hard/crtbegin.o

.data           0x20000000       0x60 load address 0x08010278
                0x20000000                        . = ALIGN (0x4)
                0x20000000                        _sdata = .
 *(.data)
 *(.data*)
 .data.SystemCoreClock
                0x20000000        0x4 ./Core/Src/system_stm32l4xx.o
                0x20000000                SystemCoreClock
 .data.uwTickPrio
                0x20000004        0x4 ./Drivers/STM32L4xx_HAL_Driver/Src/stm32l4xx_hal.o
                0x20000004                uwTickPrio
 .data.uwTickFreq
                0x20000008        0x1 ./Drivers/STM32L4xx_HAL_Driver/Src/stm32l4xx_hal.o
                0x20000008                uwTickFreq
 *fill*         0x20000009        0x3 
 .data.uxCriticalNesting
                0x2000000c        0x4 ./Middlewares/Third_Party/FreeRTOS/Source/portable/GCC/ARM_CM4F/port.o
 .data._impure_ptr
                0x20000010        0x4 C:/ST/STM32CubeIDE_1.13.0/STM32CubeIDE/plugins/com.st.stm32cube.ide.mcu.externaltools.gnu-tools-for-stm32.12.3.rel1.win32_1.0.100.202403111256/tools/bin/../lib/gcc/arm-none-eabi/12.3.1/../../../../arm-none-eabi/lib/thumb/v7e-m+fp/hard\libc_nano.a(libc_a-impure.o)
                0x20000010                _impure_ptr
 .data._impure_data
                0x20000014       0x4c C:/ST/STM32CubeIDE_1.13.0/STM32CubeIDE/plugins/com.st.stm32cube.ide.mcu.externaltools.gnu-tools-for-stm32.12.3.rel1.win32_1.0.100.202403111256/tools/bin/../lib/gcc/arm-none-eabi/12.3.1/../../../../arm-none-eabi/lib/thumb/v7e-m+fp/hard\libc_nano.a(libc_a-impure.o)
                0x20000014                _impure_data
 *(.RamFunc)
 *(.RamFunc*)
                0x20000060                        . = ALIGN (0x4)
                0x20000060                        _edata = .

.igot.plt       0x20000060        0x0 load address 0x080102d8
 .igot.plt      0x20000060        0x0 C:/ST/STM32CubeIDE_1.13.0/STM32CubeIDE/plugins/com.st.stm32cube.ide.mcu.externaltools.gnu-tools-for-stm32.12.3.rel1.win32_1.0.100.202403111256/tools/bin/../lib/gcc/arm-none-eabi/12.3.1/thumb/v7e-m+fp/hard/crtbegin.o
                0x20000060                        . = ALIGN (0x4)

.bss            0x20000060     0x3318 load address 0x080102d8
                0x20000060                        _sbss = .
                0x20000060                        __bss_start__ = _sbss
 *(.bss)
 .bss           0x20000060       0x1c C:/ST/STM32CubeIDE_1.13.0/STM32CubeIDE/plugins/com.st.stm32cube.ide.mcu.externaltools.gnu-tools-for-stm32.12.3.rel1.win32_1.0.100.202403111256/tools/bin/../lib/gcc/arm-none-eabi/12.3.1/thumb/v7e-m+fp/hard/crtbegin.o
 *(.bss*)
 .bss.hadc1     0x2000007c       0x64 ./Core/Src/main.o
                0x2000007c                hadc1
 .bss.hi2c1     0x200000e0       0x54 ./Core/Src/main.o
                0x200000e0                hi2c1
 .bss.hspi1     0x20000134       0x64 ./Core/Src/main.o
                0x20000134                hspi1
 .bss.huart2    0x20000198       0x88 ./Core/Src/main.o
                0x20000198                huart2
 .bss.hdma_usart2_rx
                0x20000220       0x48 ./Core/Src/main.o
                0x20000220                hdma_usart2_rx
 .bss.hdma_usart2_tx
                0x20000268       0x48 ./Core/Src/main.o
                0x20000268                hdma_usart2_tx
 .bss.CLIHandle
                0x200002b0        0x4 ./Core/Src/main.o
                0x200002b0                CLIHandle
 .bss.TempHandle
                0x200002b4        0x4 ./Core/Src/main.o
                0x200002b4                TempHandle
 .bss.V1Handle  0x200002b8        0x4 ./Core/Src/main.o
                0x200002b8                V1Handle
 .bss.V2Handle  0x200002bc        0x4 ./Core/Src/main.o
                0x200002bc                V2Handle
 .bss.V3Handle  0x200002c0        0x4 ./Core/Src/main.o
                0x200002c0                V3Handle
 .bss.V4Handle  0x200002c4        0x4 ./Core/Src/main.o
                0x200002c4                V4Handle
 .bss.P1Handle  0x200002c8        0x4 ./Core/Src/main.o
                0x200002c8                P1Handle
 .bss.VSIMHandle
                0x200002cc        0x4 ./Core/Src/main.o
                0x200002cc                VSIMHandle
 .bss.PrintHandle
                0x200002d0        0x4 ./Core/Src/main.o
                0x200002d0                PrintHandle
 .bss.mutexSPIHandle
                0x200002d4        0x4 ./Core/Src/main.o
                0x200002d4                mutexSPIHandle
 .bss.mutexPrintHandle
                0x200002d8        0x4 ./Core/Src/main.o
                0x200002d8                mutexPrintHandle
 .bss.semV1Handle
                0x200002dc        0x4 ./Core/Src/main.o
                0x200002dc                semV1Handle
 .bss.semV2Handle
                0x200002e0        0x4 ./Core/Src/main.o
                0x200002e0                semV2Handle
 .bss.semV3Handle
                0x200002e4        0x4 ./Core/Src/main.o
                0x200002e4                semV3Handle
 .bss.semV4Handle
                0x200002e8        0x4 ./Core/Src/main.o
                0x200002e8                semV4Handle
 .bss.semTempHandle
                0x200002ec        0x4 ./Core/Src/main.o
                0x200002ec                semTempHandle
 .bss.semP1Handle
                0x200002f0        0x4 ./Core/Src/main.o
                0x200002f0                semP1Handle
 .bss.semVSIMHandle
                0x200002f4        0x4 ./Core/Src/main.o
                0x200002f4                semVSIMHandle
 .bss.semReturnHandle
                0x200002f8        0x4 ./Core/Src/main.o
                0x200002f8                semReturnHandle
 .bss.UART_tx_flag
                0x200002fc        0x1 ./Core/Src/main.o
                0x200002fc                UART_tx_flag
 .bss.UART_rx_flag
                0x200002fd        0x1 ./Core/Src/main.o
                0x200002fd                UART_rx_flag
 *fill*         0x200002fe        0x2 
 .bss.UART_rx   0x20000300        0x1 ./Core/Src/main.o
                0x20000300                UART_rx
 *fill*         0x20000301        0x3 
 .bss.UART_rx_buff
                0x20000304       0x64 ./Core/Src/main.o
                0x20000304                UART_rx_buff
 .bss.UARTcnt   0x20000368        0x1 ./Core/Src/main.o
                0x20000368                UARTcnt
 *fill*         0x20000369        0x3 
 .bss.channels  0x2000036c      0x144 ./Core/Src/main.o
                0x2000036c                channels
 .bss.p1        0x200004b0        0xc ./Core/Src/main.o
                0x200004b0                p1
 .bss.queueHandle
                0x200004bc        0x4 ./Core/Src/main.o
                0x200004bc                queueHandle
 .bss.htim1     0x200004c0       0x4c ./Core/Src/stm32l4xx_hal_timebase_tim.o
                0x200004c0                htim1
 .bss.uwTick    0x2000050c        0x4 ./Drivers/STM32L4xx_HAL_Driver/Src/stm32l4xx_hal.o
                0x2000050c                uwTick
 .bss.KernelState
                0x20000510        0x4 ./Middlewares/Third_Party/FreeRTOS/Source/CMSIS_RTOS_V2/cmsis_os2.o
 .bss.Idle_TCB.3
                0x20000514       0xa8 ./Middlewares/Third_Party/FreeRTOS/Source/CMSIS_RTOS_V2/cmsis_os2.o
 .bss.Idle_Stack.2
                0x200005bc      0x200 ./Middlewares/Third_Party/FreeRTOS/Source/CMSIS_RTOS_V2/cmsis_os2.o
 .bss.Timer_TCB.1
                0x200007bc       0xa8 ./Middlewares/Third_Party/FreeRTOS/Source/CMSIS_RTOS_V2/cmsis_os2.o
 .bss.Timer_Stack.0
                0x20000864      0x400 ./Middlewares/Third_Party/FreeRTOS/Source/CMSIS_RTOS_V2/cmsis_os2.o
 .bss.xQueueRegistry
                0x20000c64       0x40 ./Middlewares/Third_Party/FreeRTOS/Source/queue.o
                0x20000c64                xQueueRegistry
 .bss.pxCurrentTCB
                0x20000ca4        0x4 ./Middlewares/Third_Party/FreeRTOS/Source/tasks.o
                0x20000ca4                pxCurrentTCB
 .bss.pxReadyTasksLists
                0x20000ca8      0x460 ./Middlewares/Third_Party/FreeRTOS/Source/tasks.o
 .bss.xDelayedTaskList1
                0x20001108       0x14 ./Middlewares/Third_Party/FreeRTOS/Source/tasks.o
 .bss.xDelayedTaskList2
                0x2000111c       0x14 ./Middlewares/Third_Party/FreeRTOS/Source/tasks.o
 .bss.pxDelayedTaskList
                0x20001130        0x4 ./Middlewares/Third_Party/FreeRTOS/Source/tasks.o
 .bss.pxOverflowDelayedTaskList
                0x20001134        0x4 ./Middlewares/Third_Party/FreeRTOS/Source/tasks.o
 .bss.xPendingReadyList
                0x20001138       0x14 ./Middlewares/Third_Party/FreeRTOS/Source/tasks.o
 .bss.xTasksWaitingTermination
                0x2000114c       0x14 ./Middlewares/Third_Party/FreeRTOS/Source/tasks.o
 .bss.uxDeletedTasksWaitingCleanUp
                0x20001160        0x4 ./Middlewares/Third_Party/FreeRTOS/Source/tasks.o
 .bss.xSuspendedTaskList
                0x20001164       0x14 ./Middlewares/Third_Party/FreeRTOS/Source/tasks.o
 .bss.uxCurrentNumberOfTasks
                0x20001178        0x4 ./Middlewares/Third_Party/FreeRTOS/Source/tasks.o
 .bss.xTickCount
                0x2000117c        0x4 ./Middlewares/Third_Party/FreeRTOS/Source/tasks.o
 .bss.uxTopReadyPriority
                0x20001180        0x4 ./Middlewares/Third_Party/FreeRTOS/Source/tasks.o
 .bss.xSchedulerRunning
                0x20001184        0x4 ./Middlewares/Third_Party/FreeRTOS/Source/tasks.o
 .bss.xPendedTicks
                0x20001188        0x4 ./Middlewares/Third_Party/FreeRTOS/Source/tasks.o
 .bss.xYieldPending
                0x2000118c        0x4 ./Middlewares/Third_Party/FreeRTOS/Source/tasks.o
 .bss.xNumOfOverflows
                0x20001190        0x4 ./Middlewares/Third_Party/FreeRTOS/Source/tasks.o
 .bss.uxTaskNumber
                0x20001194        0x4 ./Middlewares/Third_Party/FreeRTOS/Source/tasks.o
 .bss.xNextTaskUnblockTime
                0x20001198        0x4 ./Middlewares/Third_Party/FreeRTOS/Source/tasks.o
 .bss.xIdleTaskHandle
                0x2000119c        0x4 ./Middlewares/Third_Party/FreeRTOS/Source/tasks.o
 .bss.uxSchedulerSuspended
                0x200011a0        0x4 ./Middlewares/Third_Party/FreeRTOS/Source/tasks.o
 .bss.xActiveTimerList1
                0x200011a4       0x14 ./Middlewares/Third_Party/FreeRTOS/Source/timers.o
 .bss.xActiveTimerList2
                0x200011b8       0x14 ./Middlewares/Third_Party/FreeRTOS/Source/timers.o
 .bss.pxCurrentTimerList
                0x200011cc        0x4 ./Middlewares/Third_Party/FreeRTOS/Source/timers.o
 .bss.pxOverflowTimerList
                0x200011d0        0x4 ./Middlewares/Third_Party/FreeRTOS/Source/timers.o
 .bss.xTimerQueue
                0x200011d4        0x4 ./Middlewares/Third_Party/FreeRTOS/Source/timers.o
 .bss.xTimerTaskHandle
                0x200011d8        0x4 ./Middlewares/Third_Party/FreeRTOS/Source/timers.o
 .bss.xLastTime.2
                0x200011dc        0x4 ./Middlewares/Third_Party/FreeRTOS/Source/timers.o
 .bss.ucStaticTimerQueueStorage.1
                0x200011e0       0xa0 ./Middlewares/Third_Party/FreeRTOS/Source/timers.o
 .bss.xStaticTimerQueue.0
                0x20001280       0x50 ./Middlewares/Third_Party/FreeRTOS/Source/timers.o
 .bss.ucMaxSysCallPriority
                0x200012d0        0x1 ./Middlewares/Third_Party/FreeRTOS/Source/portable/GCC/ARM_CM4F/port.o
 *fill*         0x200012d1        0x3 
 .bss.ulMaxPRIGROUPValue
                0x200012d4        0x4 ./Middlewares/Third_Party/FreeRTOS/Source/portable/GCC/ARM_CM4F/port.o
 .bss.ucHeap    0x200012d8     0x1f40 ./Middlewares/Third_Party/FreeRTOS/Source/portable/MemMang/heap_4.o
 .bss.xStart    0x20003218        0x8 ./Middlewares/Third_Party/FreeRTOS/Source/portable/MemMang/heap_4.o
 .bss.pxEnd     0x20003220        0x4 ./Middlewares/Third_Party/FreeRTOS/Source/portable/MemMang/heap_4.o
 .bss.xFreeBytesRemaining
                0x20003224        0x4 ./Middlewares/Third_Party/FreeRTOS/Source/portable/MemMang/heap_4.o
 .bss.xMinimumEverFreeBytesRemaining
                0x20003228        0x4 ./Middlewares/Third_Party/FreeRTOS/Source/portable/MemMang/heap_4.o
 .bss.xNumberOfSuccessfulAllocations
                0x2000322c        0x4 ./Middlewares/Third_Party/FreeRTOS/Source/portable/MemMang/heap_4.o
 .bss.xNumberOfSuccessfulFrees
                0x20003230        0x4 ./Middlewares/Third_Party/FreeRTOS/Source/portable/MemMang/heap_4.o
 .bss.xBlockAllocatedBit
                0x20003234        0x4 ./Middlewares/Third_Party/FreeRTOS/Source/portable/MemMang/heap_4.o
 .bss.__sf      0x20003238      0x138 C:/ST/STM32CubeIDE_1.13.0/STM32CubeIDE/plugins/com.st.stm32cube.ide.mcu.externaltools.gnu-tools-for-stm32.12.3.rel1.win32_1.0.100.202403111256/tools/bin/../lib/gcc/arm-none-eabi/12.3.1/../../../../arm-none-eabi/lib/thumb/v7e-m+fp/hard\libc_nano.a(libc_a-findfp.o)
                0x20003238                __sf
 .bss.__lock___malloc_recursive_mutex
                0x20003370        0x1 C:/ST/STM32CubeIDE_1.13.0/STM32CubeIDE/plugins/com.st.stm32cube.ide.mcu.externaltools.gnu-tools-for-stm32.12.3.rel1.win32_1.0.100.202403111256/tools/bin/../lib/gcc/arm-none-eabi/12.3.1/../../../../arm-none-eabi/lib/thumb/v7e-m+fp/hard\libc_nano.a(libc_a-lock.o)
                0x20003370                __lock___malloc_recursive_mutex
 *fill*         0x20003371        0x3 
 .bss.__malloc_free_list
                0x20003374        0x4 C:/ST/STM32CubeIDE_1.13.0/STM32CubeIDE/plugins/com.st.stm32cube.ide.mcu.externaltools.gnu-tools-for-stm32.12.3.rel1.win32_1.0.100.202403111256/tools/bin/../lib/gcc/arm-none-eabi/12.3.1/../../../../arm-none-eabi/lib/thumb/v7e-m+fp/hard\libc_nano.a(libc_a-mallocr.o)
                0x20003374                __malloc_free_list
 *(COMMON)
                0x20003378                        . = ALIGN (0x4)
                0x20003378                        _ebss = .
                0x20003378                        __bss_end__ = _ebss

._user_heap_stack
                0x20003378      0x600 load address 0x080102d8
                0x20003378                        . = ALIGN (0x8)
                [!provide]                        PROVIDE (end = .)
                0x20003378                        PROVIDE (_end = .)
                0x20003578                        . = (. + _Min_Heap_Size)
 *fill*         0x20003378      0x200 
                0x20003978                        . = (. + _Min_Stack_Size)
 *fill*         0x20003578      0x400 
                0x20003978                        . = ALIGN (0x8)

/DISCARD/
 libc.a(*)
 libm.a(*)
 libgcc.a(*)

.ARM.attributes
                0x00000000       0x30
 *(.ARM.attributes)
 .ARM.attributes
                0x00000000       0x22 C:/ST/STM32CubeIDE_1.13.0/STM32CubeIDE/plugins/com.st.stm32cube.ide.mcu.externaltools.gnu-tools-for-stm32.12.3.rel1.win32_1.0.100.202403111256/tools/bin/../lib/gcc/arm-none-eabi/12.3.1/thumb/v7e-m+fp/hard/crti.o
 .ARM.attributes
                0x00000022       0x34 C:/ST/STM32CubeIDE_1.13.0/STM32CubeIDE/plugins/com.st.stm32cube.ide.mcu.externaltools.gnu-tools-for-stm32.12.3.rel1.win32_1.0.100.202403111256/tools/bin/../lib/gcc/arm-none-eabi/12.3.1/thumb/v7e-m+fp/hard/crtbegin.o
 .ARM.attributes
                0x00000056       0x34 ./Core/Src/ADC.o
 .ARM.attributes
                0x0000008a       0x34 ./Core/Src/ASCII.o
 .ARM.attributes
                0x000000be       0x34 ./Core/Src/CLI.o
 .ARM.attributes
                0x000000f2       0x34 ./Core/Src/DAC.o
 .ARM.attributes
                0x00000126       0x34 ./Core/Src/main.o
 .ARM.attributes
                0x0000015a       0x34 ./Core/Src/stm32l4xx_hal_msp.o
 .ARM.attributes
                0x0000018e       0x34 ./Core/Src/stm32l4xx_hal_timebase_tim.o
 .ARM.attributes
                0x000001c2       0x34 ./Core/Src/stm32l4xx_it.o
 .ARM.attributes
                0x000001f6       0x34 ./Core/Src/system_stm32l4xx.o
 .ARM.attributes
                0x0000022a       0x21 ./Core/Startup/startup_stm32l432kcux.o
 .ARM.attributes
                0x0000024b       0x34 ./Drivers/STM32L4xx_HAL_Driver/Src/stm32l4xx_hal.o
 .ARM.attributes
                0x0000027f       0x34 ./Drivers/STM32L4xx_HAL_Driver/Src/stm32l4xx_hal_adc.o
 .ARM.attributes
                0x000002b3       0x34 ./Drivers/STM32L4xx_HAL_Driver/Src/stm32l4xx_hal_cortex.o
 .ARM.attributes
                0x000002e7       0x34 ./Drivers/STM32L4xx_HAL_Driver/Src/stm32l4xx_hal_dma.o
 .ARM.attributes
                0x0000031b       0x34 ./Drivers/STM32L4xx_HAL_Driver/Src/stm32l4xx_hal_gpio.o
 .ARM.attributes
                0x0000034f       0x34 ./Drivers/STM32L4xx_HAL_Driver/Src/stm32l4xx_hal_i2c.o
 .ARM.attributes
                0x00000383       0x34 ./Drivers/STM32L4xx_HAL_Driver/Src/stm32l4xx_hal_i2c_ex.o
 .ARM.attributes
                0x000003b7       0x34 ./Drivers/STM32L4xx_HAL_Driver/Src/stm32l4xx_hal_pwr.o
 .ARM.attributes
                0x000003eb       0x34 ./Drivers/STM32L4xx_HAL_Driver/Src/stm32l4xx_hal_pwr_ex.o
 .ARM.attributes
                0x0000041f       0x34 ./Drivers/STM32L4xx_HAL_Driver/Src/stm32l4xx_hal_rcc.o
 .ARM.attributes
                0x00000453       0x34 ./Drivers/STM32L4xx_HAL_Driver/Src/stm32l4xx_hal_rcc_ex.o
 .ARM.attributes
                0x00000487       0x34 ./Drivers/STM32L4xx_HAL_Driver/Src/stm32l4xx_hal_spi.o
 .ARM.attributes
                0x000004bb       0x34 ./Drivers/STM32L4xx_HAL_Driver/Src/stm32l4xx_hal_tim.o
 .ARM.attributes
                0x000004ef       0x34 ./Drivers/STM32L4xx_HAL_Driver/Src/stm32l4xx_hal_tim_ex.o
 .ARM.attributes
                0x00000523       0x34 ./Drivers/STM32L4xx_HAL_Driver/Src/stm32l4xx_hal_uart.o
 .ARM.attributes
                0x00000557       0x34 ./Drivers/STM32L4xx_HAL_Driver/Src/stm32l4xx_hal_uart_ex.o
 .ARM.attributes
                0x0000058b       0x34 ./Middlewares/Third_Party/FreeRTOS/Source/CMSIS_RTOS_V2/cmsis_os2.o
 .ARM.attributes
                0x000005bf       0x34 ./Middlewares/Third_Party/FreeRTOS/Source/list.o
 .ARM.attributes
                0x000005f3       0x34 ./Middlewares/Third_Party/FreeRTOS/Source/queue.o
 .ARM.attributes
                0x00000627       0x34 ./Middlewares/Third_Party/FreeRTOS/Source/tasks.o
 .ARM.attributes
                0x0000065b       0x34 ./Middlewares/Third_Party/FreeRTOS/Source/timers.o
 .ARM.attributes
                0x0000068f       0x34 ./Middlewares/Third_Party/FreeRTOS/Source/portable/GCC/ARM_CM4F/port.o
 .ARM.attributes
                0x000006c3       0x34 ./Middlewares/Third_Party/FreeRTOS/Source/portable/MemMang/heap_4.o
 .ARM.attributes